I/DEBUG   (   81):     40096070 00000000 408103bc 40810430 408102e0  
I/DEBUG   (   81):     40096080 40810300 4081035c 00000000 00000000  
I/DEBUG   (   81):     40096090 00000000 00000028 00000000 00000000  
I/DEBUG   (   81):     400960a0 00000000 00000000 00002000 408978d4  
I/DEBUG   (   81):     400960b0 00000000 00000000 00000009 40cd9c58  
I/DEBUG   (   81):     400960c0 00000001 00000080 00000200 00000000  
I/DEBUG   (   81):     400960d0 00000000 00000000 00000000 00000000  
I/DEBUG   (   81):     400960e0 00000000 00000000 00000000 00000000  
I/DEBUG   (   81):     400960f0 00000000 00000000 00000000 00000000  
I/DEBUG   (   81): 
I/DEBUG   (   81): memory near fp:
I/DEBUG   (   81):     beb3e6e4 4013ab4c beb3e6f0 40807294 4013ab40  
I/DEBUG   (   81):     beb3e6f4 00000001 421c6290 46a34e58 42471974  
I/DEBUG   (   81):     beb3e704 408361dd 4013ab40 46a34e55 4022c4dd  
I/DEBUG   (   81):     beb3e714 40096020 00000000 00000000 00000053  
I/DEBUG   (   81):     beb3e724 401d5228 4c353000 4c353000 c0000000  
I/DEBUG   (   81):     beb3e734 4c353000 00000000 4bab74d8 00000000  
I/DEBUG   (   81):     beb3e744 4019b7eb 4c353000 00000000 4bab74d8  
I/DEBUG   (   81):     beb3e754 00000000 4c353000 40196f15 4c353094  
I/DEBUG   (   81):     beb3e764 4084aa5f beb3e77c 000000c1 42213960  
I/DEBUG   (   81):     beb3e774 4c353094 00000000 00000000 beb3e7e0  
I/DEBUG   (   81):     beb3e784 4c43a038 4206a9a0 000000c1 4209f828  
I/DEBUG   (   81):     beb3e794 000000c2 00000000 00000000 00000000  
I/DEBUG   (   81):     beb3e7a4 00000000 42bb8d70 000000c1 4080c2c0  
I/DEBUG   (   81):     beb3e7b4 450ccee0 42bb8d70 4c353000 00000004  
I/DEBUG   (   81):     beb3e7c4 4080c2c0 00000006 4013ab2c 42471974  
I/DEBUG   (   81):     beb3e7d4 4082c5a5 00000004 00000000 40897501  
I/DEBUG   (   81): 
I/DEBUG   (   81): memory near sp:
I/DEBUG   (   81):     beb3e580 00000000 401a80a9 00000001 beb3e5a4  
I/DEBUG   (   81):     beb3e590 00000142 00000000 df0027ad 00000000  
I/DEBUG   (   81):     beb3e5a0 00000000 fffffbdf 00000001 401d2160  
I/DEBUG   (   81):     beb3e5b0 00000001 401d2160 401d2160 4bd923a0  
I/DEBUG   (   81):     beb3e5c0 00000000 401a204c 401d2238 48f8aa38  
I/DEBUG   (   81):     beb3e5d0 00000000 480c3deb 4bfbce50 48fca788  
I/DEBUG   (   81):     beb3e5e0 c0000000 78b4e3fe 4a79e7b0 4bfeec20  
I/DEBUG   (   81):     beb3e5f0 4bd923a0 000000a8 00000000 400ec527  
I/DEBUG   (   81):     beb3e600 4a79e7b0 00000090 00000002 00000000  
I/DEBUG   (   81):     beb3e610 4c6d5f00 4b3e27a8 4a79e7b0 400eb731  
I/DEBUG   (   81):     beb3e620 4b3e27a8 400eb847 4b3e27a8 400eb865  
I/DEBUG   (   81):     beb3e630 4b3e27ac 404bc76f 00000002 404c3967  
I/DEBUG   (   81):     beb3e640 4a79e7b0 00000001 00000001 40827621  
I/DEBUG   (   81):     beb3e650 99000021 404c3a13 4a79e7b0 4a79eb70  
I/DEBUG   (   81):     beb3e660 00000002 00000000 4b762ec0 4a79e7b8  
I/DEBUG   (   81):     beb3e670 00000001 404c387b 0000000e 404c317b  
I/DEBUG   (   81): 
I/DEBUG   (   81): code around pc:
I/DEBUG   (   81):     401a4720 e000b164 6823461c d1fb2b00 68e3e026  
I/DEBUG   (   81):     401a4730 4a17b123 447a2401 47986014 20274911  
I/DEBUG   (   81):     401a4740 70082400 eb8af7fc f7fd2106 a902ecee  
I/DEBUG   (   81):     401a4750 f04f2006 460a5380 94029304 f7fd9403  
I/DEBUG   (   81):     401a4760 4629e8d4 20024622 e8dcf7fd eb76f7fc  
I/DEBUG   (   81):     401a4770 f7fd2106 2001ecda e896f7fc 2a006962  
I/DEBUG   (   81):     401a4780 e7d4d1dc deadbaad 0002d856 00030b3a  
I/DEBUG   (   81):     401a4790 00030b1e 2400b510 aa04b088 46699002  
I/DEBUG   (   81):     401a47a0 94014620 94039400 e834f7fd bfb842a0  
I/DEBUG   (   81):     401a47b0 db054620 b1139b07 1c489906 98069006  
I/DEBUG   (   81):     401a47c0 bd10b008 4604b510 e9caf7fc d10542a0  
I/DEBUG   (   81):     401a47d0 447b4b04 6018681b bd102000 30fff04f  
I/DEBUG   (   81):     401a47e0 bf00bd10 0002d78a 460db538 481eb928  
I/DEBUG   (   81):     401a47f0 f7fc4478 2800edc8 b9fdd130 2102481b  
I/DEBUG   (   81):     401a4800 f0014478 2800faae db274604 f7fc4629  
I/DEBUG   (   81):     401a4810 2800ec52 2101db0b f7fc4620 2800ec4c  
I/DEBUG   (   81): 
I/DEBUG   (   81): code around lr:
I/DEBUG   (   81):     401a8088 41f0e92d 4c0b2600 447c4680 68a56824  
I/DEBUG   (   81):     401a8098 e0076867 300cf9b5 dd022b00 47c04628  
I/DEBUG   (   81):     401a80a8 35544306 d5f53f01 2c006824 4630d1ef  
I/DEBUG   (   81):     401a80b8 81f0e8bd 00029ef2 43f0e92d fb01461f  
I/DEBUG   (   81):     401a80c8 f8dff602 b0878058 44f8460c 8000f8d8  
I/DEBUG   (   81):     401a80d8 9001a901 f8d84615 20013000 96059602  
I/DEBUG   (   81):     401a80e8 90049103 4638b113 fa35f7ff a9034638  
I/DEBUG   (   81):     401a80f8 fe9bf7ff 2000f8d8 b1124681 f7ff4638  
I/DEBUG   (   81):     401a8108 f1b9fa37 d0050f00 46219d05 f01a1b70  
I/DEBUG   (   81):     401a8118 4605ed3e b0074628 83f0e8bd 00029e6a  
I/DEBUG   (   81):     401a8128 1e4b6841 2b006043 f000da01 6803bbab  
I/DEBUG   (   81):     401a8138 2b01f813 46106003 00004770 4604b570  
I/DEBUG   (   81):     401a8148 447e4e0d 68336836 f7ffb10b 6861fa04  
I/DEBUG   (   81):     401a8158 60601e48 bfa22800 f8106820 60205b01  
I/DEBUG   (   81):     401a8168 4620da03 fb8ef000 68324605 4620b112  
I/DEBUG   (   81):     401a8178 f9fef7ff bd704628 00029df2 447b4b07  
I/DEBUG   (   81): 
I/DEBUG   (   81): memory map around fault addr deadbaad:
I/DEBUG   (   81):     beb1e000-beb3f000 [stack]
I/DEBUG   (   81):     (no map for address)
I/DEBUG   (   81):     ffff0000-ffff1000 [vectors]
I/BootReceiver(  347): Copying /data/tombstones/tombstone_04 to DropBox (SYSTEM_TOMBSTONE)
D/dalvikvm(  347): GC_CONCURRENT freed 618K, 27% free 8044K/10964K, paused 19ms+6ms, total 82ms
D/dalvikvm(  347): WAIT_FOR_CONCURRENT_GC blocked 67ms
D/dalvikvm(  347): WAIT_FOR_CONCURRENT_GC blocked 64ms
D/dalvikvm(  347): GC_CONCURRENT freed 828K, 26% free 8203K/10964K, paused 6ms+6ms, total 69ms
D/dalvikvm(  347): WAIT_FOR_CONCURRENT_GC blocked 63ms
I/WindowState(  347): WIN DEATH: Window{4269f008 u0 com.example.untitled/com.example.untitled.activity.PhotoActivity}
I/ActivityManager(  347): Process com.example.untitled (pid 6562) has died.
W/ActivityManager(  347): Force removing ActivityRecord{426a9908 u0 com.example.untitled/.activity.PhotoActivity}: app died, no saved state
I/WindowState(  347): WIN DEATH: Window{427e0128 u0 com.example.untitled/com.example.untitled.activity.ClockActivity}
W/ActivityManager(  347): Force removing ActivityRecord{426623f0 u0 com.example.untitled/.activity.ClockActivity}: app died, no saved state
D/Zygote  (  318): Process 6562 terminated by signal (11)
W/ActivityManager(  347): Launch timeout has expired, giving up wake lock!
E/SurfaceFlinger(  322): ro.sf.lcd_density must be defined as a build property
I/SurfaceFlinger(  322): GraphicBufferAlloc::createGraphicBuffer 
W/InputMethodManagerService(  347): Got RemoteException sending setActive(false) notification to pid 6562 uid 10003
I/wpa_supplicant(  492): [CTRL_IFACE]wlan0: SIGNAL_POLL
I/wpa_supplicant(  492): [CTRL_IFACE]wlan0: SIGNAL_POLL
I/wpa_supplicant(  492): [CTRL_IFACE]wlan0: SIGNAL_POLL
I/wpa_supplicant(  492): [CTRL_IFACE]wlan0: SIGNAL_POLL
I/wpa_supplicant(  492): [CTRL_IFACE]wlan0: SIGNAL_POLL
I/wpa_supplicant(  492): [CTRL_IFACE]wlan0: SIGNAL_POLL
I/wpa_supplicant(  492): [CTRL_IFACE]wlan0: SIGNAL_POLL
I/wpa_supplicant(  492): [CTRL_IFACE]wlan0: SIGNAL_POLL
I/wpa_supplicant(  492): [CTRL_IFACE]wlan0: SIGNAL_POLL
I/wpa_supplicant(  492): [CTRL_IFACE]wlan0: SIGNAL_POLL
I/wpa_supplicant(  492): [CTRL_IFACE]wlan0: SIGNAL_POLL
I/wpa_supplicant(  492): [CTRL_IFACE]wlan0: SIGNAL_POLL
I/wpa_supplicant(  492): [CTRL_IFACE]wlan0: SIGNAL_POLL
I/wpa_supplicant(  492): [CTRL_IFACE]wlan0: SIGNAL_POLL
I/wpa_supplicant(  492): [CTRL_IFACE]wlan0: SIGNAL_POLL
I/wpa_supplicant(  492): [CTRL_IFACE]wlan0: SIGNAL_POLL
I/wpa_supplicant(  492): [CTRL_IFACE]wlan0: SIGNAL_POLL
I/wpa_supplicant(  492): [CTRL_IFACE]wlan0: SIGNAL_POLL
I/wpa_supplicant(  492): [CTRL_IFACE]wlan0: SIGNAL_POLL
I/wpa_supplicant(  492): [CTRL_IFACE]wlan0: SIGNAL_POLL
I/PowerManagerService(  347): Going to sleep due to screen timeout...
D/SurfaceFlinger(  322): Screen released, type=0 flinger=0x409df370
I/wpa_supplicant(  492): [CTRL_IFACE]wlan0: DRIVER SETSUSPENDMODE 1
W/ThrottleService(  347): unable to find stats for iface rmnet0
I/PowerManagerService(  347): Waking up from sleep...
I/WindowManager(  347): No lock screen!
I/wpa_supplicant(  492): [CTRL_IFACE]wlan0: SIGNAL_POLL
I/wpa_supplicant(  492): [CTRL_IFACE]wlan0: DRIVER SETSUSPENDMODE 0
I/SurfaceFlinger(  322): GraphicBufferAlloc::createGraphicBuffer 
D/PowerManagerService-JNI(  347): Excessive delay in autosuspend_disable() while turning screen on: 709ms
D/SurfaceFlinger(  322): Screen acquired, type=0 flinger=0x409df370
I/wpa_supplicant(  492): [CTRL_IFACE]wlan0: SIGNAL_POLL
I/wpa_supplicant(  492): [CTRL_IFACE]wlan0: SIGNAL_POLL
I/wpa_supplicant(  492): [CTRL_IFACE]wlan0: SIGNAL_POLL
I/wpa_supplicant(  492): [CTRL_IFACE]wlan0: SIGNAL_POLL
I/wpa_supplicant(  492): [CTRL_IFACE]wlan0: SIGNAL_POLL
I/wpa_supplicant(  492): [CTRL_IFACE]wlan0: SIGNAL_POLL
I/wpa_supplicant(  492): [CTRL_IFACE]wlan0: SIGNAL_POLL
I/wpa_supplicant(  492): [CTRL_IFACE]wlan0: SIGNAL_POLL
I/wpa_supplicant(  492): [CTRL_IFACE]wlan0: SIGNAL_POLL
I/wpa_supplicant(  492): [CTRL_IFACE]wlan0: SIGNAL_POLL
I/wpa_supplicant(  492): [CTRL_IFACE]wlan0: SIGNAL_POLL
I/wpa_supplicant(  492): [CTRL_IFACE]wlan0: SIGNAL_POLL
I/wpa_supplicant(  492): [CTRL_IFACE]wlan0: SIGNAL_POLL
I/wpa_supplicant(  492): [CTRL_IFACE]wlan0: SIGNAL_POLL
I/wpa_supplicant(  492): [CTRL_IFACE]wlan0: SIGNAL_POLL
I/wpa_supplicant(  492): [CTRL_IFACE]wlan0: SIGNAL_POLL
I/wpa_supplicant(  492): [CTRL_IFACE]wlan0: SIGNAL_POLL
I/wpa_supplicant(  492): [CTRL_IFACE]wlan0: SIGNAL_POLL
I/wpa_supplicant(  492): [CTRL_IFACE]wlan0: SIGNAL_POLL
I/PowerManagerService(  347): Going to sleep due to screen timeout...
I/wpa_supplicant(  492): [CTRL_IFACE]wlan0: SIGNAL_POLL
D/SurfaceFlinger(  322): Screen released, type=0 flinger=0x409df370
I/wpa_supplicant(  492): [CTRL_IFACE]wlan0: DRIVER SETSUSPENDMODE 1
D/dalvikvm(  347): GC_CONCURRENT freed 1357K, 30% free 7749K/10964K, paused 5ms+33ms, total 270ms
