I/ActivityManager(  347): START u0 {flg=0x4000000 cmp=com.example.untitled/.activity.ClockActivity} from pid 5644
W/ActivityManager(  347): startActivity called from non-Activity context; forcing Intent.FLAG_ACTIVITY_NEW_TASK for: Intent { flg=0x4000000 cmp=com.example.untitled/.activity.ClockActivity }
W/ActivityManager(  347): Activity pause timeout for ActivityRecord{42485aa0 u0 com.example.untitled/.activity.PhotoActivity}
I/ActivityManager(  347): START u0 {flg=0x4000000 cmp=com.example.untitled/.activity.PhotoActivity} from pid 5644
W/ActivityManager(  347): startActivity called from non-Activity context; forcing Intent.FLAG_ACTIVITY_NEW_TASK for: Intent { flg=0x4000000 cmp=com.example.untitled/.activity.PhotoActivity }
W/ActivityManager(  347): Activity pause timeout for ActivityRecord{42487058 u0 com.example.untitled/.activity.ClockActivity}
I/ActivityManager(  347): START u0 {flg=0x4000000 cmp=com.example.untitled/.activity.ClockActivity} from pid 5644
W/ActivityManager(  347): startActivity called from non-Activity context; forcing Intent.FLAG_ACTIVITY_NEW_TASK for: Intent { flg=0x4000000 cmp=com.example.untitled/.activity.ClockActivity }
W/ActivityManager(  347): Activity pause timeout for ActivityRecord{4248d960 u0 com.example.untitled/.activity.PhotoActivity}
I/ActivityManager(  347): START u0 {flg=0x4000000 cmp=com.example.untitled/.activity.PhotoActivity} from pid 5644
W/ActivityManager(  347): startActivity called from non-Activity context; forcing Intent.FLAG_ACTIVITY_NEW_TASK for: Intent { flg=0x4000000 cmp=com.example.untitled/.activity.PhotoActivity }
W/ActivityManager(  347): Activity pause timeout for ActivityRecord{4274bfb8 u0 com.example.untitled/.activity.ClockActivity}
I/ActivityManager(  347): START u0 {flg=0x4000000 cmp=com.example.untitled/.activity.ClockActivity} from pid 5644
W/ActivityManager(  347): startActivity called from non-Activity context; forcing Intent.FLAG_ACTIVITY_NEW_TASK for: Intent { flg=0x4000000 cmp=com.example.untitled/.activity.ClockActivity }
I/ActivityManager(  347): START u0 {flg=0x4000000 cmp=com.example.untitled/.activity.PhotoActivity} from pid 5644
W/ActivityManager(  347): startActivity called from non-Activity context; forcing Intent.FLAG_ACTIVITY_NEW_TASK for: Intent { flg=0x4000000 cmp=com.example.untitled/.activity.PhotoActivity }
W/ActivityManager(  347): Activity pause timeout for ActivityRecord{42485aa0 u0 com.example.untitled/.activity.ClockActivity}
I/ActivityManager(  347): START u0 {flg=0x4000000 cmp=com.example.untitled/.activity.AgendaActivity} from pid 5644
W/ActivityManager(  347): startActivity called from non-Activity context; forcing Intent.FLAG_ACTIVITY_NEW_TASK for: Intent { flg=0x4000000 cmp=com.example.untitled/.activity.AgendaActivity }
W/ActivityManager(  347): Activity pause timeout for ActivityRecord{42487058 u0 com.example.untitled/.activity.PhotoActivity}
I/ActivityManager(  347): START u0 {flg=0x4000000 cmp=com.example.untitled/.activity.ClockActivity} from pid 5644
W/ActivityManager(  347): startActivity called from non-Activity context; forcing Intent.FLAG_ACTIVITY_NEW_TASK for: Intent { flg=0x4000000 cmp=com.example.untitled/.activity.ClockActivity }
E/AndroidRuntime( 5644): FATAL EXCEPTION: main
E/AndroidRuntime( 5644): java.lang.RuntimeException: Unable to start activity ComponentInfo{com.example.untitled/com.example.untitled.activity.AgendaActivity}: java.lang.ArrayIndexOutOfBoundsException: length=1; index=1
E/AndroidRuntime( 5644): 	at android.app.ActivityThread.performLaunchActivity(ActivityThread.java:2180)
E/AndroidRuntime( 5644): 	at android.app.ActivityThread.handleLaunchActivity(ActivityThread.java:2230)
E/AndroidRuntime( 5644): 	at android.app.ActivityThread.access$600(ActivityThread.java:141)
E/AndroidRuntime( 5644): 	at android.app.ActivityThread$H.handleMessage(ActivityThread.java:1234)
E/AndroidRuntime( 5644): 	at android.os.Handler.dispatchMessage(Handler.java:99)
E/AndroidRuntime( 5644): 	at android.os.Looper.loop(Looper.java:137)
E/AndroidRuntime( 5644): 	at android.app.ActivityThread.main(ActivityThread.java:5041)
E/AndroidRuntime( 5644): 	at java.lang.reflect.Method.invokeNative(Native Method)
E/AndroidRuntime( 5644): 	at java.lang.reflect.Method.invoke(Method.java:511)
E/AndroidRuntime( 5644): 	at com.android.internal.os.ZygoteInit$MethodAndArgsCaller.run(ZygoteInit.java:793)
E/AndroidRuntime( 5644): 	at com.android.internal.os.ZygoteInit.main(ZygoteInit.java:560)
E/AndroidRuntime( 5644): 	at dalvik.system.NativeStart.main(Native Method)
E/AndroidRuntime( 5644): Caused by: java.lang.ArrayIndexOutOfBoundsException: length=1; index=1
E/AndroidRuntime( 5644): 	at com.example.untitled.activity.AgendaActivity.initScreen(AgendaActivity.java:71)
E/AndroidRuntime( 5644): 	at com.example.untitled.activity.AgendaActivity.onCreate(AgendaActivity.java:55)
E/AndroidRuntime( 5644): 	at android.app.Activity.performCreate(Activity.java:5104)
E/AndroidRuntime( 5644): 	at android.app.Instrumentation.callActivityOnCreate(Instrumentation.java:1080)
E/AndroidRuntime( 5644): 	at android.app.ActivityThread.performLaunchActivity(ActivityThread.java:2144)
E/AndroidRuntime( 5644): 	... 11 more
W/ActivityManager(  347): Activity pause timeout for ActivityRecord{42796eb0 u0 com.example.untitled/.activity.AgendaActivity}
W/ActivityManager(  347): Launch timeout has expired, giving up wake lock!
W/ActivityManager(  347): Activity idle timeout for ActivityRecord{42796eb0 u0 com.example.untitled/.activity.AgendaActivity}
W/ActivityManager(  347): Activity destroy timeout for ActivityRecord{42485aa0 u0 com.example.untitled/.activity.ClockActivity}
W/ActivityManager(  347): Activity idle timeout for ActivityRecord{424a0a70 u0 com.example.untitled/.activity.ClockActivity}
W/ActivityManager(  347): Activity destroy timeout for ActivityRecord{42487058 u0 com.example.untitled/.activity.PhotoActivity}
W/ActivityManager(  347): Activity destroy timeout for ActivityRecord{42796eb0 u0 com.example.untitled/.activity.AgendaActivity}
I/WindowState(  347): WIN DEATH: Window{4272ef20 u0 com.example.untitled/com.example.untitled.activity.ClockActivity}
I/ActivityManager(  347): Process com.example.untitled (pid 5644) has died.
I/WindowState(  347): WIN DEATH: Window{4278e618 u0 com.example.untitled/com.example.untitled.activity.PhotoActivity}
I/ActivityManager(  347): Start proc com.example.untitled for activity com.example.untitled/.activity.ClockActivity: pid=5917 uid=10003 gids={50003, 3003, 1015, 1028}
W/InputMethodManagerService(  347): Got RemoteException sending setActive(false) notification to pid 5644 uid 10003
W/ThrottleService(  347): unable to find stats for iface rmnet0
W/ThrottleService(  347): unable to find stats for iface rmnet0
W/ThrottleService(  347): unable to find stats for iface rmnet0
W/ThrottleService(  347): unable to find stats for iface rmnet0
W/ThrottleService(  347): unable to find stats for iface rmnet0
W/ThrottleService(  347): unable to find stats for iface rmnet0
W/ThrottleService(  347): unable to find stats for iface rmnet0
W/ThrottleService(  347): unable to find stats for iface rmnet0
I/ActivityManager(  347): Start proc com.android.defcontainer for service com.android.defcontainer/.DefaultContainerService: pid=5987 uid=10009 gids={50009, 1015, 2001, 1028}
W/ActivityManager(  347): No content provider found for permission revoke: file:///data/local/tmp/com.example.untitled
W/PackageParser( 3263): Unknown element under <application>: intent-filter at /data/local/tmp/com.example.untitled Binary XML file line #44
W/ActivityManager(  347): No content provider found for permission revoke: file:///data/local/tmp/com.example.untitled
I/PackageManager(  347): Copying native libraries to /data/app-lib/vmdl1206958056
W/PackageParser(  347): Unknown element under <application>: intent-filter at /data/app/vmdl1206958056.tmp Binary XML file line #44
I/ActivityManager(  347): Force stopping package com.example.untitled appid=10003 user=-1
I/ActivityManager(  347): Killing proc 5917:com.example.untitled/u0a10003: force stop com.example.untitled
W/ActivityManager(  347): Force removing ActivityRecord{424a0a70 u0 com.example.untitled/.activity.ClockActivity}: app died, no saved state
W/WindowManager(  347): Rebuild removed 4 windows but added 3
W/WindowManager(  347): This window was lost: Window{42818200 u0 com.example.untitled/com.example.untitled.activity.ClockActivity}
W/WindowManager(  347): mDisplayId=0 mSession=Session{427b43e8 5917:u0a10003} mClient=android.os.BinderProxy@427cdb58
W/WindowManager(  347): mOwnerUid=10003 mShowToOwnerOnly=true
W/WindowManager(  347): mAttrs=WM.LayoutParams{(0,0)(fillxfill) sim=#20 ty=1 fl=#1810480 pfl=0x8 wanim=0x1030001 sbrt=1.0 vsysui=0x2}
W/WindowManager(  347): Requested w=800 h=480 mLayoutSeq=25889
W/WindowManager(  347): mBaseLayer=21000 mSubLayer=0 mAnimLayer=21020+0=21020 mLastLayer=21020
W/WindowManager(  347): mToken=AppWindowToken{426d6780 token=Token{42488e20 ActivityRecord{424a0a70 u0 com.example.untitled/.activity.ClockActivity}}}
W/WindowManager(  347): mRootToken=AppWindowToken{426d6780 token=Token{42488e20 ActivityRecord{424a0a70 u0 com.example.untitled/.activity.ClockActivity}}}
W/WindowManager(  347): mAppToken=AppWindowToken{426d6780 token=Token{42488e20 ActivityRecord{424a0a70 u0 com.example.untitled/.activity.ClockActivity}}}
W/WindowManager(  347): mViewVisibility=0x0 mHaveFrame=true mObscured=false
W/WindowManager(  347): mSeq=1 mSystemUiVisibility=0x0
W/WindowManager(  347): mGivenContentInsets=[0,0][0,0] mGivenVisibleInsets=[0,0][0,0]
W/WindowManager(  347): mConfiguration={1.0 ?mcc?mnc nl_NL ldltr sw480dp w800dp h432dp 160dpi nrml land finger -keyb/v/h -nav/h s.4}
W/WindowManager(  347): mHasSurface=true mShownFrame=[0.0,0.0][800.0,480.0] isReadyForDisplay()=false
W/WindowManager(  347): mFrame=[0,0][800,480] last=[0,0][800,480]
W/WindowManager(  347): mSystemDecorRect=[0,0][800,480] last=[0,0][800,480]
W/WindowManager(  347): Frames: containing=[0,0][800,480] parent=[0,0][800,480] display=[0,0][800,480]
W/WindowManager(  347):     content=[0,0][800,480] visible=[0,0][800,480]
W/WindowManager(  347): Cur insets: content=[0,0][0,0] visible=[0,0][0,0]
W/WindowManager(  347): Lst insets: content=[0,0][0,0] visible=[0,0][0,0]
W/WindowManager(  347): WindowStateAnimator{42805e10 com.example.untitled/com.example.untitled.activity.ClockActivity}:
W/WindowManager(  347):   mSurface=Surface(name=com.example.untitled/com.example.untitled.activity.ClockActivity, identity=1043)
W/WindowManager(  347):   mDrawState=HAS_DRAWN mLastHidden=true
W/WindowManager(  347):   Surface: shown=false layer=21020 alpha=1.0 rect=(0.0,0.0) 800.0 x 480.0
W/WindowManager(  347): Current app token list:
V/WindowManager(  347):   #2: Token{427579e8 ActivityRecord{4249c770 u0 com.android.systemui/.recent.RecentsActivity}}
V/WindowManager(  347):   #1: Token{424928a8 ActivityRecord{4283f698 u0 com.android.systemui/.usb.UsbStorageActivity}}
V/WindowManager(  347):   #0: Token{425df920 ActivityRecord{4279efc8 u0 com.android.launcher/com.android.launcher2.Launcher}}
W/WindowManager(  347): Final window list:
V/WindowManager(  347):   #0: Window{427aea30 u0 SearchPanel}
V/WindowManager(  347):   #1: Window{42724360 u0 NotificationPanel}
V/WindowManager(  347):   #2: Window{427061a8 u0 SystemBar}
V/WindowManager(  347):   #3: Window{4273c210 u0 CompatModePanel}
V/WindowManager(  347):   #4: Window{427486e8 u0 InputMethodsPanel}
V/WindowManager(  347):   #5: Window{428227f8 u0 com.android.systemui/com.android.systemui.recent.RecentsActivity}
V/WindowManager(  347):   #6: Window{4279eaf0 u0 com.android.systemui/com.android.systemui.usb.UsbStorageActivity}
V/WindowManager(  347):   #7: Window{427b1628 u0 com.android.launcher/com.android.launcher2.Launcher}
V/WindowManager(  347):   #8: Window{426fe8d8 u0 com.android.systemui.ImageWallpaper}
I/WindowState(  347): WIN DEATH: Window{42818200 u0 com.example.untitled/com.example.untitled.activity.ClockActivity}
I/PackageManager(  347): Package com.example.untitled codePath changed from /data/app/com.example.untitled-2.apk to /data/app/com.example.untitled-1.apk; Retaining data and using new
I/ActivityManager(  347): Force stopping package com.example.untitled appid=10003 user=-1
W/PackageManager(  347): Code path for pkg : com.example.untitled changing from /data/app/com.example.untitled-2.apk to /data/app/com.example.untitled-1.apk
W/PackageManager(  347): Resource path for pkg : com.example.untitled changing from /data/app/com.example.untitled-2.apk to /data/app/com.example.untitled-1.apk
I/ActivityManager(  347): No longer want com.android.musicfx (pid 5482): empty for 7603s
I/ActivityManager(  347): Force stopping package com.example.untitled appid=10003 user=0
I/ActivityManager(  347): Start proc com.android.gallery3d for broadcast com.android.gallery3d/.app.PackagesMonitor: pid=6005 uid=10018 gids={50018, 1006, 3003, 1015, 1028}
W/InputMethodManagerService(  347): Found no subtypes in a system IME: com.android.inputmethod.pinyin
I/ActivityManager(  347): Start proc com.google.android.gms for broadcast com.google.android.gms/.plus.receiver.ClearAppSettingsReceiver: pid=6018 uid=10008 gids={50008, 3003, 1007, 1028, 2001, 3006}
I/ActivityManager(  347): No longer want com.google.android.googlequicksearchbox (pid 5498): empty for 7603s
I/ActivityManager(  347): Start proc com.android.keychain for broadcast com.android.keychain/.KeyChainBroadcastReceiver: pid=6033 uid=1000 gids={41000, 1015, 1028, 3002, 3001, 3003, 3007}
W/ContextImpl( 6033): Calling a method in the system process without a qualified user: android.app.ContextImpl.startService:1359 android.content.ContextWrapper.startService:450 android.content.ContextWrapper.startService:450 com.android.keychain.KeyChainBroadcastReceiver.onReceive:12 android.app.ActivityThread.handleReceiver:2376 
I/ActivityManager(  347): Start proc com.android.musicfx for broadcast com.android.musicfx/.Compatibility$Receiver: pid=6048 uid=10036 gids={50036, 3003, 3002, 1028}
I/ActivityManager(  347): Start proc com.google.android.googlequicksearchbox for broadcast com.google.android.googlequicksearchbox/com.google.android.apps.sidekick.GmmLocationProviderImpl$GmmPackageWatcher: pid=6063 uid=10047 gids={50047, 3003, 1028, 1007, 3002, 1015}
I/ActivityManager(  347): Start proc com.google.android.partnersetup for content provider com.google.android.partnersetup/.RlzAppProvider: pid=6092 uid=10024 gids={50024, 3003, 1028}
I/ActivityManager(  347): Start proc com.svox.pico for broadcast com.svox.pico/.VoiceDataInstallerReceiver: pid=6117 uid=10044 gids={50044, 1015, 1028}
W/InputMethodManagerService(  347): Found no subtypes in a system IME: com.android.inputmethod.pinyin
I/ActivityManager(  347): START u0 {act=android.intent.action.MAIN cat=[android.intent.category.LAUNCHER] flg=0x10000000 cmp=com.example.untitled/.activity.MainActivity} from pid 6136
I/ActivityManager(  347): Start proc com.example.untitled for activity com.example.untitled/.activity.MainActivity: pid=6147 uid=10003 gids={50003, 3003, 1015, 1028}
I/ActivityManager(  347): START u0 {flg=0x4000000 cmp=com.example.untitled/.activity.ClockActivity} from pid 6147
I/ActivityManager(  347): START u0 {flg=0x4000000 cmp=com.example.untitled/.activity.PhotoActivity} from pid 6147
I/ActivityManager(  347): START u0 {flg=0x4000000 cmp=com.example.untitled/.activity.AgendaActivity} from pid 6147
W/ActivityManager(  347): startActivity called from non-Activity context; forcing Intent.FLAG_ACTIVITY_NEW_TASK for: Intent { flg=0x4000000 cmp=com.example.untitled/.activity.AgendaActivity }
E/AndroidRuntime( 6147): FATAL EXCEPTION: main
E/AndroidRuntime( 6147): java.lang.RuntimeException: Unable to start activity ComponentInfo{com.example.untitled/com.example.untitled.activity.AgendaActivity}: java.lang.ArrayIndexOutOfBoundsException: length=1; index=1
E/AndroidRuntime( 6147): 	at android.app.ActivityThread.performLaunchActivity(ActivityThread.java:2180)
E/AndroidRuntime( 6147): 	at android.app.ActivityThread.handleLaunchActivity(ActivityThread.java:2230)
E/AndroidRuntime( 6147): 	at android.app.ActivityThread.access$600(ActivityThread.java:141)
E/AndroidRuntime( 6147): 	at android.app.ActivityThread$H.handleMessage(ActivityThread.java:1234)
E/AndroidRuntime( 6147): 	at android.os.Handler.dispatchMessage(Handler.java:99)
E/AndroidRuntime( 6147): 	at android.os.Looper.loop(Looper.java:137)
E/AndroidRuntime( 6147): 	at android.app.ActivityThread.main(ActivityThread.java:5041)
E/AndroidRuntime( 6147): 	at java.lang.reflect.Method.invokeNative(Native Method)
E/AndroidRuntime( 6147): 	at java.lang.reflect.Method.invoke(Method.java:511)
E/AndroidRuntime( 6147): 	at com.android.internal.os.ZygoteInit$MethodAndArgsCaller.run(ZygoteInit.java:793)
E/AndroidRuntime( 6147): 	at com.android.internal.os.ZygoteInit.main(ZygoteInit.java:560)
E/AndroidRuntime( 6147): 	at dalvik.system.NativeStart.main(Native Method)
E/AndroidRuntime( 6147): Caused by: java.lang.ArrayIndexOutOfBoundsException: length=1; index=1
E/AndroidRuntime( 6147): 	at com.example.untitled.activity.AgendaActivity.initScreen(AgendaActivity.java:72)
E/AndroidRuntime( 6147): 	at com.example.untitled.activity.AgendaActivity.onCreate(AgendaActivity.java:55)
E/AndroidRuntime( 6147): 	at android.app.Activity.performCreate(Activity.java:5104)
E/AndroidRuntime( 6147): 	at android.app.Instrumentation.callActivityOnCreate(Instrumentation.java:1080)
E/AndroidRuntime( 6147): 	at android.app.ActivityThread.performLaunchActivity(ActivityThread.java:2144)
E/AndroidRuntime( 6147): 	... 11 more
W/ActivityManager(  347):   Force finishing activity com.example.untitled/.activity.AgendaActivity
W/ActivityManager(  347):   Force finishing activity com.example.untitled/.activity.PhotoActivity
W/ActivityManager(  347): Activity pause timeout for ActivityRecord{42499d88 u0 com.example.untitled/.activity.AgendaActivity}
W/ActivityManager(  347): Launch timeout has expired, giving up wake lock!
W/ActivityManager(  347): Activity idle timeout for ActivityRecord{42499d88 u0 com.example.untitled/.activity.AgendaActivity}
W/ActivityManager(  347): Activity idle timeout for ActivityRecord{42487058 u0 com.example.untitled/.activity.ClockActivity}
W/ActivityManager(  347): Activity destroy timeout for ActivityRecord{4287e8c8 u0 com.example.untitled/.activity.PhotoActivity}
W/ActivityManager(  347): Activity destroy timeout for ActivityRecord{42499d88 u0 com.example.untitled/.activity.AgendaActivity}
W/ActivityManager(  347): No content provider found for permission revoke: file:///data/local/tmp/com.example.untitled
W/PackageParser( 3263): Unknown element under <application>: intent-filter at /data/local/tmp/com.example.untitled Binary XML file line #44
W/ActivityManager(  347): No content provider found for permission revoke: file:///data/local/tmp/com.example.untitled
I/PackageManager(  347): Copying native libraries to /data/app-lib/vmdl795921597
W/PackageParser(  347): Unknown element under <application>: intent-filter at /data/app/vmdl795921597.tmp Binary XML file line #44
I/ActivityManager(  347): Force stopping package com.example.untitled appid=10003 user=-1
I/ActivityManager(  347): Killing proc 6147:com.example.untitled/u0a10003: force stop com.example.untitled
I/ActivityManager(  347):   Force finishing activity ActivityRecord{42487058 u0 com.example.untitled/.activity.ClockActivity}
I/WindowState(  347): WIN DEATH: Window{427dfa20 u0 com.example.untitled/com.example.untitled.activity.PhotoActivity}
I/WindowState(  347): WIN DEATH: Window{42839998 u0 com.example.untitled/com.example.untitled.activity.ClockActivity}
W/InputMethodManagerService(  347): Got RemoteException sending setActive(false) notification to pid 6147 uid 10003
I/PackageManager(  347): Package com.example.untitled codePath changed from /data/app/com.example.untitled-1.apk to /data/app/com.example.untitled-2.apk; Retaining data and using new
I/ActivityManager(  347): Force stopping package com.example.untitled appid=10003 user=-1
W/PackageManager(  347): Code path for pkg : com.example.untitled changing from /data/app/com.example.untitled-1.apk to /data/app/com.example.untitled-2.apk
W/PackageManager(  347): Resource path for pkg : com.example.untitled changing from /data/app/com.example.untitled-1.apk to /data/app/com.example.untitled-2.apk
I/ActivityManager(  347): Force stopping package com.example.untitled appid=10003 user=0
W/ContextImpl( 6033): Calling a method in the system process without a qualified user: android.app.ContextImpl.startService:1359 android.content.ContextWrapper.startService:450 android.content.ContextWrapper.startService:450 com.android.keychain.KeyChainBroadcastReceiver.onReceive:12 android.app.ActivityThread.handleReceiver:2376 
W/InputMethodManagerService(  347): Found no subtypes in a system IME: com.android.inputmethod.pinyin
I/ActivityManager(  347): Force stopping package com.example.untitled appid=10003 user=-1
I/ActivityManager(  347): START u0 {act=android.intent.action.MAIN cat=[android.intent.category.LAUNCHER] flg=0x10000000 cmp=com.example.untitled/.activity.MainActivity} from pid 6207
I/ActivityManager(  347): Start proc com.example.untitled for activity com.example.untitled/.activity.MainActivity: pid=6217 uid=10003 gids={50003, 3003, 1015, 1028}
W/ActivityThread( 6217): Application com.example.untitled is waiting for the debugger on port 8100...
I/ActivityManager(  347): START u0 {flg=0x4000000 cmp=com.example.untitled/.activity.ClockActivity} from pid 6217
I/ActivityManager(  347): START u0 {flg=0x4000000 cmp=com.example.untitled/.activity.PhotoActivity} from pid 6217
W/ActivityManager(  347): Activity pause timeout for ActivityRecord{42487058 u0 com.example.untitled/.activity.ClockActivity}
I/ActivityManager(  347): START u0 {flg=0x4000000 cmp=com.example.untitled/.activity.AgendaActivity} from pid 6217
W/ActivityManager(  347): Duplicate finish request for ActivityRecord{42483910 u0 com.example.untitled/.activity.MainActivity}
W/ActivityManager(  347): Activity pause timeout for ActivityRecord{42889a90 u0 com.example.untitled/.activity.PhotoActivity}
W/ActivityManager(  347): Launch timeout has expired, giving up wake lock!
W/ActivityManager(  347): Activity idle timeout for ActivityRecord{42889a90 u0 com.example.untitled/.activity.PhotoActivity}
W/ActivityManager(  347): Activity idle timeout for ActivityRecord{42703870 u0 com.example.untitled/.activity.AgendaActivity}
E/AndroidRuntime( 6217): FATAL EXCEPTION: main
E/AndroidRuntime( 6217): java.lang.RuntimeException: Unable to start activity ComponentInfo{com.example.untitled/com.example.untitled.activity.AgendaActivity}: java.lang.ArrayIndexOutOfBoundsException: length=1; index=1
E/AndroidRuntime( 6217): 	at android.app.ActivityThread.performLaunchActivity(ActivityThread.java:2180)
E/AndroidRuntime( 6217): 	at android.app.ActivityThread.handleLaunchActivity(ActivityThread.java:2230)
E/AndroidRuntime( 6217): 	at android.app.ActivityThread.access$600(ActivityThread.java:141)
E/AndroidRuntime( 6217): 	at android.app.ActivityThread$H.handleMessage(ActivityThread.java:1234)
E/AndroidRuntime( 6217): 	at android.os.Handler.dispatchMessage(Handler.java:99)
E/AndroidRuntime( 6217): 	at android.os.Looper.loop(Looper.java:137)
E/AndroidRuntime( 6217): 	at android.app.ActivityThread.main(ActivityThread.java:5041)
E/AndroidRuntime( 6217): 	at java.lang.reflect.Method.invokeNative(Native Method)
E/AndroidRuntime( 6217): 	at java.lang.reflect.Method.invoke(Method.java:511)
E/AndroidRuntime( 6217): 	at com.android.internal.os.ZygoteInit$MethodAndArgsCaller.run(ZygoteInit.java:793)
E/AndroidRuntime( 6217): 	at com.android.internal.os.ZygoteInit.main(ZygoteInit.java:560)
E/AndroidRuntime( 6217): 	at dalvik.system.NativeStart.main(Native Method)
E/AndroidRuntime( 6217): Caused by: java.lang.ArrayIndexOutOfBoundsException: length=1; index=1
E/AndroidRuntime( 6217): 	at com.example.untitled.activity.AgendaActivity.initScreen(AgendaActivity.java:72)
E/AndroidRuntime( 6217): 	at com.example.untitled.activity.AgendaActivity.onCreate(AgendaActivity.java:55)
E/AndroidRuntime( 6217): 	at android.app.Activity.performCreate(Activity.java:5104)
E/AndroidRuntime( 6217): 	at android.app.Instrumentation.callActivityOnCreate(Instrumentation.java:1080)
E/AndroidRuntime( 6217): 	at android.app.ActivityThread.performLaunchActivity(ActivityThread.java:2144)
E/AndroidRuntime( 6217): 	... 11 more
W/ActivityManager(  347):   Force finishing activity com.example.untitled/.activity.AgendaActivity
W/ActivityManager(  347):   Force finishing activity com.example.untitled/.activity.PhotoActivity
W/ActivityManager(  347): Activity pause timeout for ActivityRecord{42703870 u0 com.example.untitled/.activity.AgendaActivity}
I/ActivityManager(  347): Force stopping package com.example.untitled appid=10003 user=-1
I/ActivityManager(  347): Killing proc 6217:com.example.untitled/u0a10003: force stop com.example.untitled
W/ActivityManager(  347): Force removing ActivityRecord{42487058 u0 com.example.untitled/.activity.ClockActivity}: app died, no saved state
I/WindowState(  347): WIN DEATH: Window{42805978 u0 com.example.untitled/com.example.untitled.activity.PhotoActivity}
I/WindowState(  347): WIN DEATH: Window{426d9c08 u0 com.example.untitled/com.example.untitled.activity.ClockActivity}
I/ActivityManager(  347): START u0 {act=android.intent.action.MAIN cat=[android.intent.category.LAUNCHER] flg=0x10000000 cmp=com.example.untitled/.activity.MainActivity} from pid 6253
W/InputMethodManagerService(  347): Got RemoteException sending setActive(false) notification to pid 6217 uid 10003
I/ActivityManager(  347): Start proc com.example.untitled for activity com.example.untitled/.activity.MainActivity: pid=6263 uid=10003 gids={50003, 3003, 1015, 1028}
W/ActivityThread( 6263): Application com.example.untitled is waiting for the debugger on port 8100...
W/ActivityManager(  347): Launch timeout has expired, giving up wake lock!
I/ActivityManager(  347): START u0 {flg=0x4000000 cmp=com.example.untitled/.activity.ClockActivity} from pid 6263
I/ActivityManager(  347): START u0 {flg=0x4000000 cmp=com.example.untitled/.activity.PhotoActivity} from pid 6263
I/ActivityManager(  347): START u0 {flg=0x4000000 cmp=com.example.untitled/.activity.AgendaActivity} from pid 6263
W/ActivityManager(  347): Duplicate finish request for ActivityRecord{42483910 u0 com.example.untitled/.activity.MainActivity}
W/ActivityManager(  347): Launch timeout has expired, giving up wake lock!
W/ActivityManager(  347): Activity idle timeout for ActivityRecord{42814d08 u0 com.example.untitled/.activity.AgendaActivity}
E/AndroidRuntime( 6263): FATAL EXCEPTION: main
E/AndroidRuntime( 6263): java.lang.RuntimeException: Unable to start activity ComponentInfo{com.example.untitled/com.example.untitled.activity.AgendaActivity}: java.lang.ArrayIndexOutOfBoundsException: length=1; index=1
E/AndroidRuntime( 6263): 	at android.app.ActivityThread.performLaunchActivity(ActivityThread.java:2180)
E/AndroidRuntime( 6263): 	at android.app.ActivityThread.handleLaunchActivity(ActivityThread.java:2230)
E/AndroidRuntime( 6263): 	at android.app.ActivityThread.access$600(ActivityThread.java:141)
E/AndroidRuntime( 6263): 	at android.app.ActivityThread$H.handleMessage(ActivityThread.java:1234)
E/AndroidRuntime( 6263): 	at android.os.Handler.dispatchMessage(Handler.java:99)
E/AndroidRuntime( 6263): 	at android.os.Looper.loop(Looper.java:137)
E/AndroidRuntime( 6263): 	at android.app.ActivityThread.main(ActivityThread.java:5041)
E/AndroidRuntime( 6263): 	at java.lang.reflect.Method.invokeNative(Native Method)
E/AndroidRuntime( 6263): 	at java.lang.reflect.Method.invoke(Method.java:511)
E/AndroidRuntime( 6263): 	at com.android.internal.os.ZygoteInit$MethodAndArgsCaller.run(ZygoteInit.java:793)
E/AndroidRuntime( 6263): 	at com.android.internal.os.ZygoteInit.main(ZygoteInit.java:560)
E/AndroidRuntime( 6263): 	at dalvik.system.NativeStart.main(Native Method)
E/AndroidRuntime( 6263): Caused by: java.lang.ArrayIndexOutOfBoundsException: length=1; index=1
E/AndroidRuntime( 6263): 	at com.example.untitled.activity.AgendaActivity.initScreen(AgendaActivity.java:72)
E/AndroidRuntime( 6263): 	at com.example.untitled.activity.AgendaActivity.onCreate(AgendaActivity.java:55)
E/AndroidRuntime( 6263): 	at android.app.Activity.performCreate(Activity.java:5104)
E/AndroidRuntime( 6263): 	at android.app.Instrumentation.callActivityOnCreate(Instrumentation.java:1080)
E/AndroidRuntime( 6263): 	at android.app.ActivityThread.performLaunchActivity(ActivityThread.java:2144)
E/AndroidRuntime( 6263): 	... 11 more
W/ActivityManager(  347):   Force finishing activity com.example.untitled/.activity.AgendaActivity
W/ActivityManager(  347): Activity pause timeout for ActivityRecord{42814d08 u0 com.example.untitled/.activity.AgendaActivity}
W/ActivityManager(  347): No content provider found for permission revoke: file:///data/local/tmp/com.example.untitled
W/PackageParser( 3263): Unknown element under <application>: intent-filter at /data/local/tmp/com.example.untitled Binary XML file line #44
W/ActivityManager(  347): No content provider found for permission revoke: file:///data/local/tmp/com.example.untitled
I/PackageManager(  347): Copying native libraries to /data/app-lib/vmdl711896752
W/PackageParser(  347): Unknown element under <application>: intent-filter at /data/app/vmdl711896752.tmp Binary XML file line #44
I/ActivityManager(  347): Force stopping package com.example.untitled appid=10003 user=-1
I/ActivityManager(  347): Killing proc 6263:com.example.untitled/u0a10003: force stop com.example.untitled
W/ActivityManager(  347): Force removing ActivityRecord{427776b8 u0 com.example.untitled/.activity.ClockActivity}: app died, no saved state
I/ActivityManager(  347):   Force finishing activity ActivityRecord{426d5048 u0 com.example.untitled/.activity.PhotoActivity}
I/WindowState(  347): WIN DEATH: Window{427b42e8 u0 com.example.untitled/com.example.untitled.activity.ClockActivity}
W/InputMethodManagerService(  347): Got RemoteException sending setActive(false) notification to pid 6263 uid 10003
I/PackageManager(  347): Package com.example.untitled codePath changed from /data/app/com.example.untitled-2.apk to /data/app/com.example.untitled-1.apk; Retaining data and using new
I/ActivityManager(  347): Force stopping package com.example.untitled appid=10003 user=-1
W/PackageManager(  347): Code path for pkg : com.example.untitled changing from /data/app/com.example.untitled-2.apk to /data/app/com.example.untitled-1.apk
W/PackageManager(  347): Resource path for pkg : com.example.untitled changing from /data/app/com.example.untitled-2.apk to /data/app/com.example.untitled-1.apk
I/ActivityManager(  347): Force stopping package com.example.untitled appid=10003 user=0
W/ContextImpl( 6033): Calling a method in the system process without a qualified user: android.app.ContextImpl.startService:1359 android.content.ContextWrapper.startService:450 android.content.ContextWrapper.startService:450 com.android.keychain.KeyChainBroadcastReceiver.onReceive:12 android.app.ActivityThread.handleReceiver:2376 
W/InputMethodManagerService(  347): Found no subtypes in a system IME: com.android.inputmethod.pinyin
I/ActivityManager(  347): Force stopping package com.example.untitled appid=10003 user=-1
I/ActivityManager(  347): START u0 {act=android.intent.action.MAIN cat=[android.intent.category.LAUNCHER] flg=0x10000000 cmp=com.example.untitled/.activity.MainActivity} from pid 6321
I/ActivityManager(  347): Start proc com.example.untitled for activity com.example.untitled/.activity.MainActivity: pid=6332 uid=10003 gids={50003, 3003, 1015, 1028}
W/ActivityThread( 6332): Application com.example.untitled is waiting for the debugger on port 8100...
I/ActivityManager(  347): START u0 {flg=0x4000000 cmp=com.example.untitled/.activity.ClockActivity} from pid 6332
I/ActivityManager(  347): START u0 {flg=0x4000000 cmp=com.example.untitled/.activity.PhotoActivity} from pid 6332
W/ActivityManager(  347): No content provider found for permission revoke: file:///data/local/tmp/com.example.untitled
W/PackageParser( 3263): Unknown element under <application>: intent-filter at /data/local/tmp/com.example.untitled Binary XML file line #44
W/ActivityManager(  347): No content provider found for permission revoke: file:///data/local/tmp/com.example.untitled
I/PackageManager(  347): Copying native libraries to /data/app-lib/vmdl1968183592
W/PackageParser(  347): Unknown element under <application>: intent-filter at /data/app/vmdl1968183592.tmp Binary XML file line #44
I/ActivityManager(  347): Force stopping package com.example.untitled appid=10003 user=-1
I/ActivityManager(  347): Killing proc 6332:com.example.untitled/u0a10003: force stop com.example.untitled
W/ActivityManager(  347): Force removing ActivityRecord{42883ce0 u0 com.example.untitled/.activity.PhotoActivity}: app died, no saved state
I/ActivityManager(  347):   Force finishing activity ActivityRecord{42487058 u0 com.example.untitled/.activity.ClockActivity}
I/WindowState(  347): WIN DEATH: Window{4269f3c8 u0 com.example.untitled/com.example.untitled.activity.PhotoActivity}
I/WindowState(  347): WIN DEATH: Window{427f6638 u0 com.example.untitled/com.example.untitled.activity.ClockActivity}
W/InputMethodManagerService(  347): Got RemoteException sending setActive(false) notification to pid 6332 uid 10003
I/PackageManager(  347): Package com.example.untitled codePath changed from /data/app/com.example.untitled-1.apk to /data/app/com.example.untitled-2.apk; Retaining data and using new
I/ActivityManager(  347): Force stopping package com.example.untitled appid=10003 user=-1
W/PackageManager(  347): Code path for pkg : com.example.untitled changing from /data/app/com.example.untitled-1.apk to /data/app/com.example.untitled-2.apk
W/PackageManager(  347): Resource path for pkg : com.example.untitled changing from /data/app/com.example.untitled-1.apk to /data/app/com.example.untitled-2.apk
I/ActivityManager(  347): Force stopping package com.example.untitled appid=10003 user=0
W/ContextImpl( 6033): Calling a method in the system process without a qualified user: android.app.ContextImpl.startService:1359 android.content.ContextWrapper.startService:450 android.content.ContextWrapper.startService:450 com.android.keychain.KeyChainBroadcastReceiver.onReceive:12 android.app.ActivityThread.handleReceiver:2376 
W/InputMethodManagerService(  347): Found no subtypes in a system IME: com.android.inputmethod.pinyin
I/ActivityManager(  347): Force stopping package com.example.untitled appid=10003 user=-1
I/ActivityManager(  347): START u0 {act=android.intent.action.MAIN cat=[android.intent.category.LAUNCHER] flg=0x10000000 cmp=com.example.untitled/.activity.MainActivity} from pid 6394
I/ActivityManager(  347): Start proc com.example.untitled for activity com.example.untitled/.activity.MainActivity: pid=6404 uid=10003 gids={50003, 3003, 1015, 1028}
W/ActivityThread( 6404): Application com.example.untitled is waiting for the debugger on port 8100...
I/ActivityManager(  347): START u0 {flg=0x4000000 cmp=com.example.untitled/.activity.ClockActivity} from pid 6404
I/ActivityManager(  347): START u0 {flg=0x4000000 cmp=com.example.untitled/.activity.PhotoActivity} from pid 6404
I/ActivityManager(  347): START u0 {flg=0x4000000 cmp=com.example.untitled/.activity.AgendaActivity} from pid 6404
W/ActivityManager(  347): startActivity called from non-Activity context; forcing Intent.FLAG_ACTIVITY_NEW_TASK for: Intent { flg=0x4000000 cmp=com.example.untitled/.activity.AgendaActivity }
W/ActivityManager(  347): Launch timeout has expired, giving up wake lock!
W/ActivityManager(  347): Activity idle timeout for ActivityRecord{42831370 u0 com.example.untitled/.activity.AgendaActivity}
W/ThrottleService(  347): unable to find stats for iface rmnet0
I/ActivityManager(  347): START u0 {flg=0x4000000 cmp=com.example.untitled/.activity.ClockActivity} from pid 6404
W/ActivityManager(  347): startActivity called from non-Activity context; forcing Intent.FLAG_ACTIVITY_NEW_TASK for: Intent { flg=0x4000000 cmp=com.example.untitled/.activity.ClockActivity }
W/ActivityManager(  347): Activity pause timeout for ActivityRecord{42831370 u0 com.example.untitled/.activity.AgendaActivity}
I/ActivityManager(  347): START u0 {flg=0x4000000 cmp=com.example.untitled/.activity.PhotoActivity} from pid 6404
W/ActivityManager(  347): startActivity called from non-Activity context; forcing Intent.FLAG_ACTIVITY_NEW_TASK for: Intent { flg=0x4000000 cmp=com.example.untitled/.activity.PhotoActivity }
W/ActivityManager(  347): No content provider found for permission revoke: file:///data/local/tmp/com.example.untitled
W/PackageParser( 3263): Unknown element under <application>: intent-filter at /data/local/tmp/com.example.untitled Binary XML file line #44
I/ActivityManager(  347): START u0 {flg=0x4000000 cmp=com.example.untitled/.activity.ClockActivity} from pid 6404
W/ActivityManager(  347): startActivity called from non-Activity context; forcing Intent.FLAG_ACTIVITY_NEW_TASK for: Intent { flg=0x4000000 cmp=com.example.untitled/.activity.ClockActivity }
W/ActivityManager(  347): Activity pause timeout for ActivityRecord{42746268 u0 com.example.untitled/.activity.ClockActivity}
W/ActivityManager(  347): No content provider found for permission revoke: file:///data/local/tmp/com.example.untitled
I/PackageManager(  347): Copying native libraries to /data/app-lib/vmdl-1617262595
W/PackageParser(  347): Unknown element under <application>: intent-filter at /data/app/vmdl-1617262595.tmp Binary XML file line #44
I/ActivityManager(  347): Force stopping package com.example.untitled appid=10003 user=-1
I/ActivityManager(  347): Killing proc 6404:com.example.untitled/u0a10003: force stop com.example.untitled
W/ActivityManager(  347): Force removing ActivityRecord{42797840 u0 com.example.untitled/.activity.ClockActivity}: app died, no saved state
I/WindowState(  347): WIN DEATH: Window{428132d0 u0 com.example.untitled/com.example.untitled.activity.ClockActivity}
W/InputMethodManagerService(  347): Got RemoteException sending setActive(false) notification to pid 6404 uid 10003
I/PackageManager(  347): Package com.example.untitled codePath changed from /data/app/com.example.untitled-2.apk to /data/app/com.example.untitled-1.apk; Retaining data and using new
W/PackageManager(  347): Code path for pkg : com.example.untitled changing from /data/app/com.example.untitled-2.apk to /data/app/com.example.untitled-1.apk
I/ActivityManager(  347): Force stopping package com.example.untitled appid=10003 user=-1
W/PackageManager(  347): Resource path for pkg : com.example.untitled changing from /data/app/com.example.untitled-2.apk to /data/app/com.example.untitled-1.apk
I/ActivityManager(  347): Force stopping package com.example.untitled appid=10003 user=0
W/ContextImpl( 6033): Calling a method in the system process without a qualified user: android.app.ContextImpl.startService:1359 android.content.ContextWrapper.startService:450 android.content.ContextWrapper.startService:450 com.android.keychain.KeyChainBroadcastReceiver.onReceive:12 android.app.ActivityThread.handleReceiver:2376 
W/InputMethodManagerService(  347): Found no subtypes in a system IME: com.android.inputmethod.pinyin
I/ActivityManager(  347): Force stopping package com.example.untitled appid=10003 user=-1
I/ActivityManager(  347): START u0 {act=android.intent.action.MAIN cat=[android.intent.category.LAUNCHER] flg=0x10000000 cmp=com.example.untitled/.activity.MainActivity} from pid 6470
I/ActivityManager(  347): Start proc com.example.untitled for activity com.example.untitled/.activity.MainActivity: pid=6480 uid=10003 gids={50003, 3003, 1015, 1028}
W/ActivityThread( 6480): Application com.example.untitled is waiting for the debugger on port 8100...
I/ActivityManager(  347): START u0 {flg=0x4000000 cmp=com.example.untitled/.activity.ClockActivity} from pid 6480
I/ActivityManager(  347): START u0 {flg=0x4000000 cmp=com.example.untitled/.activity.PhotoActivity} from pid 6480
I/ActivityManager(  347): START u0 {flg=0x4000000 cmp=com.example.untitled/.activity.ClockActivity} from pid 6480
W/ActivityManager(  347): startActivity called from non-Activity context; forcing Intent.FLAG_ACTIVITY_NEW_TASK for: Intent { flg=0x4000000 cmp=com.example.untitled/.activity.ClockActivity }
I/ActivityManager(  347): START u0 {flg=0x4000000 cmp=com.example.untitled/.activity.PhotoActivity} from pid 6480
W/ActivityManager(  347): startActivity called from non-Activity context; forcing Intent.FLAG_ACTIVITY_NEW_TASK for: Intent { flg=0x4000000 cmp=com.example.untitled/.activity.PhotoActivity }
W/ActivityManager(  347): Activity pause timeout for ActivityRecord{4249af80 u0 com.example.untitled/.activity.ClockActivity}
I/ActivityManager(  347): START u0 {flg=0x4000000 cmp=com.example.untitled/.activity.ClockActivity} from pid 6480
W/ActivityManager(  347): startActivity called from non-Activity context; forcing Intent.FLAG_ACTIVITY_NEW_TASK for: Intent { flg=0x4000000 cmp=com.example.untitled/.activity.ClockActivity }
I/ActivityManager(  347): START u0 {flg=0x4000000 cmp=com.example.untitled/.activity.PhotoActivity} from pid 6480
W/ActivityManager(  347): startActivity called from non-Activity context; forcing Intent.FLAG_ACTIVITY_NEW_TASK for: Intent { flg=0x4000000 cmp=com.example.untitled/.activity.PhotoActivity }
W/ActivityManager(  347): No content provider found for permission revoke: file:///data/local/tmp/com.example.untitled
W/PackageParser( 3263): Unknown element under <application>: intent-filter at /data/local/tmp/com.example.untitled Binary XML file line #44
W/ActivityManager(  347): No content provider found for permission revoke: file:///data/local/tmp/com.example.untitled
I/PackageManager(  347): Copying native libraries to /data/app-lib/vmdl-1010342289
W/PackageParser(  347): Unknown element under <application>: intent-filter at /data/app/vmdl-1010342289.tmp Binary XML file line #44
I/ActivityManager(  347): Force stopping package com.example.untitled appid=10003 user=-1
I/ActivityManager(  347): Killing proc 6480:com.example.untitled/u0a10003: force stop com.example.untitled
W/ActivityManager(  347): Force removing ActivityRecord{42718878 u0 com.example.untitled/.activity.PhotoActivity}: app died, no saved state
I/ActivityManager(  347):   Force finishing activity ActivityRecord{427e2e78 u0 com.example.untitled/.activity.ClockActivity}
I/WindowState(  347): WIN DEATH: Window{424872e0 u0 com.example.untitled/com.example.untitled.activity.PhotoActivity}
I/WindowState(  347): WIN DEATH: Window{427d54d0 u0 com.example.untitled/com.example.untitled.activity.ClockActivity}
W/InputMethodManagerService(  347): Got RemoteException sending setActive(false) notification to pid 6480 uid 10003
I/PackageManager(  347): Package com.example.untitled codePath changed from /data/app/com.example.untitled-1.apk to /data/app/com.example.untitled-2.apk; Retaining data and using new
W/PackageManager(  347): Code path for pkg : com.example.untitled changing from /data/app/com.example.untitled-1.apk to /data/app/com.example.untitled-2.apk
W/PackageManager(  347): Resource path for pkg : com.example.untitled changing from /data/app/com.example.untitled-1.apk to /data/app/com.example.untitled-2.apk
I/ActivityManager(  347): Force stopping package com.example.untitled appid=10003 user=-1
I/ActivityManager(  347): Force stopping package com.example.untitled appid=10003 user=0
W/ContextImpl( 6033): Calling a method in the system process without a qualified user: android.app.ContextImpl.startService:1359 android.content.ContextWrapper.startService:450 android.content.ContextWrapper.startService:450 com.android.keychain.KeyChainBroadcastReceiver.onReceive:12 android.app.ActivityThread.handleReceiver:2376 
W/InputMethodManagerService(  347): Found no subtypes in a system IME: com.android.inputmethod.pinyin
I/ActivityManager(  347): Force stopping package com.example.untitled appid=10003 user=-1
I/ActivityManager(  347): START u0 {act=android.intent.action.MAIN cat=[android.intent.category.LAUNCHER] flg=0x10000000 cmp=com.example.untitled/.activity.MainActivity} from pid 6552
I/ActivityManager(  347): Start proc com.example.untitled for activity com.example.untitled/.activity.MainActivity: pid=6562 uid=10003 gids={50003, 3003, 1015, 1028}
W/ActivityThread( 6562): Application com.example.untitled is waiting for the debugger on port 8100...
I/ActivityManager(  347): START u0 {flg=0x4000000 cmp=com.example.untitled/.activity.ClockActivity} from pid 6562
I/ActivityManager(  347): START u0 {flg=0x4000000 cmp=com.example.untitled/.activity.PhotoActivity} from pid 6562
I/ActivityManager(  347): START u0 {flg=0x4000000 cmp=com.example.untitled/.activity.ClockActivity} from pid 6562
W/ActivityManager(  347): startActivity called from non-Activity context; forcing Intent.FLAG_ACTIVITY_NEW_TASK for: Intent { flg=0x4000000 cmp=com.example.untitled/.activity.ClockActivity }
I/ActivityManager(  347): START u0 {flg=0x4000000 cmp=com.example.untitled/.activity.PhotoActivity} from pid 6562
W/ActivityManager(  347): startActivity called from non-Activity context; forcing Intent.FLAG_ACTIVITY_NEW_TASK for: Intent { flg=0x4000000 cmp=com.example.untitled/.activity.PhotoActivity }
I/ActivityManager(  347): START u0 {flg=0x4000000 cmp=com.example.untitled/.activity.ClockActivity} from pid 6562
W/ActivityManager(  347): startActivity called from non-Activity context; forcing Intent.FLAG_ACTIVITY_NEW_TASK for: Intent { flg=0x4000000 cmp=com.example.untitled/.activity.ClockActivity }
I/ActivityManager(  347): START u0 {flg=0x4000000 cmp=com.example.untitled/.activity.PhotoActivity} from pid 6562
W/ActivityManager(  347): startActivity called from non-Activity context; forcing Intent.FLAG_ACTIVITY_NEW_TASK for: Intent { flg=0x4000000 cmp=com.example.untitled/.activity.PhotoActivity }
I/ActivityManager(  347): START u0 {flg=0x4000000 cmp=com.example.untitled/.activity.ClockActivity} from pid 6562
W/ActivityManager(  347): startActivity called from non-Activity context; forcing Intent.FLAG_ACTIVITY_NEW_TASK for: Intent { flg=0x4000000 cmp=com.example.untitled/.activity.ClockActivity }
I/ActivityManager(  347): START u0 {flg=0x4000000 cmp=com.example.untitled/.activity.PhotoActivity} from pid 6562
W/ActivityManager(  347): startActivity called from non-Activity context; forcing Intent.FLAG_ACTIVITY_NEW_TASK for: Intent { flg=0x4000000 cmp=com.example.untitled/.activity.PhotoActivity }
W/InputMethodManagerService(  347): Focus gain on non-focused client com.android.internal.view.IInputMethodClient$Stub$Proxy@427b6db0 (uid=10003 pid=6562)
I/ActivityManager(  347): START u0 {flg=0x4000000 cmp=com.example.untitled/.activity.ClockActivity} from pid 6562
W/ActivityManager(  347): startActivity called from non-Activity context; forcing Intent.FLAG_ACTIVITY_NEW_TASK for: Intent { flg=0x4000000 cmp=com.example.untitled/.activity.ClockActivity }
I/ActivityManager(  347): START u0 {flg=0x4000000 cmp=com.example.untitled/.activity.PhotoActivity} from pid 6562
W/ActivityManager(  347): startActivity called from non-Activity context; forcing Intent.FLAG_ACTIVITY_NEW_TASK for: Intent { flg=0x4000000 cmp=com.example.untitled/.activity.PhotoActivity }
I/ActivityManager(  347): START u0 {flg=0x4000000 cmp=com.example.untitled/.activity.ClockActivity} from pid 6562
W/ActivityManager(  347): startActivity called from non-Activity context; forcing Intent.FLAG_ACTIVITY_NEW_TASK for: Intent { flg=0x4000000 cmp=com.example.untitled/.activity.ClockActivity }
I/ActivityManager(  347): START u0 {flg=0x4000000 cmp=com.example.untitled/.activity.PhotoActivity} from pid 6562
W/ActivityManager(  347): startActivity called from non-Activity context; forcing Intent.FLAG_ACTIVITY_NEW_TASK for: Intent { flg=0x4000000 cmp=com.example.untitled/.activity.PhotoActivity }
I/ActivityManager(  347): START u0 {flg=0x4000000 cmp=com.example.untitled/.activity.ClockActivity} from pid 6562
W/ActivityManager(  347): startActivity called from non-Activity context; forcing Intent.FLAG_ACTIVITY_NEW_TASK for: Intent { flg=0x4000000 cmp=com.example.untitled/.activity.ClockActivity }
I/ActivityManager(  347): START u0 {flg=0x4000000 cmp=com.example.untitled/.activity.PhotoActivity} from pid 6562
W/ActivityManager(  347): startActivity called from non-Activity context; forcing Intent.FLAG_ACTIVITY_NEW_TASK for: Intent { flg=0x4000000 cmp=com.example.untitled/.activity.PhotoActivity }
W/ActivityManager(  347): Activity pause timeout for ActivityRecord{4287cd60 u0 com.example.untitled/.activity.ClockActivity}
I/ActivityManager(  347): START u0 {flg=0x4000000 cmp=com.example.untitled/.activity.ClockActivity} from pid 6562
W/ActivityManager(  347): startActivity called from non-Activity context; forcing Intent.FLAG_ACTIVITY_NEW_TASK for: Intent { flg=0x4000000 cmp=com.example.untitled/.activity.ClockActivity }
I/ActivityManager(  347): START u0 {flg=0x4000000 cmp=com.example.untitled/.activity.PhotoActivity} from pid 6562
W/ActivityManager(  347): startActivity called from non-Activity context; forcing Intent.FLAG_ACTIVITY_NEW_TASK for: Intent { flg=0x4000000 cmp=com.example.untitled/.activity.PhotoActivity }
I/ActivityManager(  347): START u0 {flg=0x4000000 cmp=com.example.untitled/.activity.ClockActivity} from pid 6562
W/ActivityManager(  347): startActivity called from non-Activity context; forcing Intent.FLAG_ACTIVITY_NEW_TASK for: Intent { flg=0x4000000 cmp=com.example.untitled/.activity.ClockActivity }
I/ActivityManager(  347): START u0 {flg=0x4000000 cmp=com.example.untitled/.activity.PhotoActivity} from pid 6562
W/ActivityManager(  347): startActivity called from non-Activity context; forcing Intent.FLAG_ACTIVITY_NEW_TASK for: Intent { flg=0x4000000 cmp=com.example.untitled/.activity.PhotoActivity }
