D/CLOCK   ( 6562): every second
D/CLOCK   ( 6562): every second
D/CLOCK   ( 6562): every second
D/CLOCK   ( 6562): every second
D/CLOCK   ( 6562): every second
D/CLOCK   ( 6562): every second
D/CLOCK   ( 6562): every second
D/CLOCK   ( 6562): every second
D/CLOCK   ( 6562): every second
D/CLOCK   ( 6562): every second
D/CLOCK   ( 6562): every second
D/CLOCK   ( 6562): every second
D/CLOCK   ( 6562): every second
D/CLOCK   ( 6562): every second
D/CLOCK   ( 6562): every second
D/CLOCK   ( 6562): every second
D/CLOCK   ( 6562): every second
D/CLOCK   ( 6562): every second
D/CLOCK   ( 6562): every second
D/CLOCK   ( 6562): every second
D/CLOCK   ( 6562): every second
D/CLOCK   ( 6562): every second
I/wpa_supplicant(  492): [CTRL_IFACE]wlan0: SIGNAL_POLL
D/CLOCK   ( 6562): every second
D/CLOCK   ( 6562): every second
D/CLOCK   ( 6562): every second
D/CLOCK   ( 6562): every second
D/CLOCK   ( 6562): every second
D/CLOCK   ( 6562): every second
D/CLOCK   ( 6562): every second
D/CLOCK   ( 6562): every second
D/CLOCK   ( 6562): every second
D/CLOCK   ( 6562): every second
D/CLOCK   ( 6562): every second
D/CLOCK   ( 6562): every second
D/CLOCK   ( 6562): every second
D/CLOCK   ( 6562): every second
D/CLOCK   ( 6562): every second
D/CLOCK   ( 6562): every second
D/CLOCK   ( 6562): every second
D/CLOCK   ( 6562): every second
D/CLOCK   ( 6562): every second
D/CLOCK   ( 6562): every second
D/CLOCK   ( 6562): every second
D/CLOCK   ( 6562): every second
D/CLOCK   ( 6562): every second
D/CLOCK   ( 6562): every second
D/CLOCK   ( 6562): every second
D/CLOCK   ( 6562): every second
D/CLOCK   ( 6562): every second
D/CLOCK   ( 6562): every second
D/CLOCK   ( 6562): every second
D/CLOCK   ( 6562): every second
D/CLOCK   ( 6562): every second
D/CLOCK   ( 6562): every second
D/CLOCK   ( 6562): every second
D/CLOCK   ( 6562): every second
D/CLOCK   ( 6562): every second
D/CLOCK   ( 6562): every second
D/CLOCK   ( 6562): every second
D/CLOCK   ( 6562): every second
D/CLOCK   ( 6562): every second
D/CLOCK   ( 6562): every second
D/CLOCK   ( 6562): every second
D/CLOCK   ( 6562): every second
D/CLOCK   ( 6562): every second
I/Choreographer( 6562): Skipped 190 frames!  The application may be doing too much work on its main thread.
D/CLOCK   ( 6562): every second
I/ActivityManager(  347): Displayed com.example.untitled/.activity.ClockActivity: +7s566ms
D/CLOCK   ( 6562): every second
D/CLOCK   ( 6562): every second
D/CLOCK   ( 6562): every second
D/CLOCK   ( 6562): every second
D/CLOCK   ( 6562): every second
D/CLOCK   ( 6562): every second
D/CLOCK   ( 6562): every second
D/CLOCK   ( 6562): every second
D/CLOCK   ( 6562): every second
D/CLOCK   ( 6562): every second
D/CLOCK   ( 6562): every second
D/CLOCK   ( 6562): every second
D/CLOCK   ( 6562): every second
D/CLOCK   ( 6562): every second
D/CLOCK   ( 6562): every second
D/CLOCK   ( 6562): every second
D/CLOCK   ( 6562): every second
D/CLOCK   ( 6562): every second
D/CLOCK   ( 6562): every second
D/CLOCK   ( 6562): every second
D/CLOCK   ( 6562): every second
D/CLOCK   ( 6562): every second
D/CLOCK   ( 6562): every second
D/CLOCK   ( 6562): every second
D/CLOCK   ( 6562): every second
D/CLOCK   ( 6562): every second
D/CLOCK   ( 6562): every second
D/CLOCK   ( 6562): every second
D/dalvikvm( 6562): GC_CONCURRENT freed 1899K, 13% free 13112K/15052K, paused 4ms+25ms, total 177ms
D/CLOCK   ( 6562): every second
I/wpa_supplicant(  492): [CTRL_IFACE]wlan0: SIGNAL_POLL
D/CLOCK   ( 6562): every second
D/CLOCK   ( 6562): every second
D/CLOCK   ( 6562): every second
D/CLOCK   ( 6562): every second
D/CLOCK   ( 6562): every second
D/CLOCK   ( 6562): every second
D/CLOCK   ( 6562): every second
D/CLOCK   ( 6562): every second
D/CLOCK   ( 6562): every second
D/CLOCK   ( 6562): every second
D/CLOCK   ( 6562): every second
W/ActivityManager(  347): Launch timeout has expired, giving up wake lock!
D/CLOCK   ( 6562): every second
D/CLOCK   ( 6562): every second
D/CLOCK   ( 6562): every second
D/CLOCK   ( 6562): every second
D/CLOCK   ( 6562): every second
D/CLOCK   ( 6562): every second
D/CLOCK   ( 6562): every second
D/CLOCK   ( 6562): every second
D/CLOCK   ( 6562): every second
D/CLOCK   ( 6562): every second
D/CLOCK   ( 6562): every second
D/CLOCK   ( 6562): every second
D/CLOCK   ( 6562): every second
D/CLOCK   ( 6562): every second
W/ActivityManager(  347): Activity idle timeout for ActivityRecord{426a9a58 u0 com.example.untitled/.activity.ClockActivity}
D/CLOCK   ( 6562): every second
D/CLOCK   ( 6562): every second
D/CLOCK   ( 6562): every second
D/CLOCK   ( 6562): every second
D/CLOCK   ( 6562): every second
D/CLOCK   ( 6562): every second
D/CLOCK   ( 6562): every second
D/CLOCK   ( 6562): every second
D/CLOCK   ( 6562): every second
D/CLOCK   ( 6562): every second
D/CLOCK   ( 6562): every second
D/CLOCK   ( 6562): every second
D/CLOCK   ( 6562): every second
D/CLOCK   ( 6562): every second
D/CLOCK   ( 6562): every second
D/CLOCK   ( 6562): every second
D/CLOCK   ( 6562): every second
D/CLOCK   ( 6562): every second
D/CLOCK   ( 6562): every second
D/CLOCK   ( 6562): every second
D/CLOCK   ( 6562): every second
D/CLOCK   ( 6562): every second
D/CLOCK   ( 6562): every second
D/CLOCK   ( 6562): every second
D/CLOCK   ( 6562): every second
D/CLOCK   ( 6562): every second
D/CLOCK   ( 6562): every second
D/CLOCK   ( 6562): every second
D/CLOCK   ( 6562): every second
D/CLOCK   ( 6562): every second
D/CLOCK   ( 6562): every second
D/CLOCK   ( 6562): every second
D/CLOCK   ( 6562): every second
I/Choreographer( 6562): Skipped 199 frames!  The application may be doing too much work on its main thread.
I/SurfaceFlinger(  322): GraphicBufferAlloc::createGraphicBuffer 
I/SurfaceFlinger(  322): GraphicBufferAlloc::createGraphicBuffer 
D/CLOCK   ( 6562): every second
D/CLOCK   ( 6562): every second
D/CLOCK   ( 6562): every second
D/CLOCK   ( 6562): every second
D/CLOCK   ( 6562): every second
D/CLOCK   ( 6562): every second
D/CLOCK   ( 6562): every second
D/CLOCK   ( 6562): every second
D/CLOCK   ( 6562): every second
D/CLOCK   ( 6562): every second
D/CLOCK   ( 6562): every second
D/CLOCK   ( 6562): every second
D/CLOCK   ( 6562): every second
D/CLOCK   ( 6562): every second
I/wpa_supplicant(  492): [CTRL_IFACE]wlan0: SIGNAL_POLL
D/CLOCK   ( 6562): every second
D/CLOCK   ( 6562): every second
D/CLOCK   ( 6562): every second
D/CLOCK   ( 6562): every second
D/CLOCK   ( 6562): every second
D/CLOCK   ( 6562): every second
D/CLOCK   ( 6562): every second
D/CLOCK   ( 6562): every second
D/CLOCK   ( 6562): every second
D/CLOCK   ( 6562): every second
D/CLOCK   ( 6562): every second
D/CLOCK   ( 6562): every second
D/CLOCK   ( 6562): every second
D/CLOCK   ( 6562): every second
D/CLOCK   ( 6562): every second
D/CLOCK   ( 6562): every second
D/CLOCK   ( 6562): every second
D/CLOCK   ( 6562): every second
D/CLOCK   ( 6562): every second
D/CLOCK   ( 6562): every second
D/CLOCK   ( 6562): every second
D/CLOCK   ( 6562): every second
D/CLOCK   ( 6562): every second
D/CLOCK   ( 6562): every second
D/CLOCK   ( 6562): every second
D/CLOCK   ( 6562): every second
D/CLOCK   ( 6562): every second
D/CLOCK   ( 6562): every second
D/CLOCK   ( 6562): every second
D/CLOCK   ( 6562): every second
D/CLOCK   ( 6562): every second
D/CLOCK   ( 6562): every second
D/CLOCK   ( 6562): every second
D/CLOCK   ( 6562): every second
D/CLOCK   ( 6562): every second
D/CLOCK   ( 6562): every second
D/CLOCK   ( 6562): every second
D/CLOCK   ( 6562): every second
D/CLOCK   ( 6562): every second
D/CLOCK   ( 6562): every second
D/CLOCK   ( 6562): every second
D/CLOCK   ( 6562): every second
D/CLOCK   ( 6562): every second
D/CLOCK   ( 6562): every second
D/CLOCK   ( 6562): every second
D/CLOCK   ( 6562): every second
D/CLOCK   ( 6562): every second
D/CLOCK   ( 6562): every second
D/CLOCK   ( 6562): every second
D/CLOCK   ( 6562): every second
D/CLOCK   ( 6562): every second
D/CLOCK   ( 6562): every second
D/CLOCK   ( 6562): every second
D/CLOCK   ( 6562): every second
D/CLOCK   ( 6562): every second
D/CLOCK   ( 6562): every second
D/CLOCK   ( 6562): every second
D/CLOCK   ( 6562): every second
D/CLOCK   ( 6562): every second
D/CLOCK   ( 6562): every second
D/CLOCK   ( 6562): every second
D/CLOCK   ( 6562): every second
D/CLOCK   ( 6562): every second
D/CLOCK   ( 6562): every second
D/CLOCK   ( 6562): every second
D/CLOCK   ( 6562): every second
D/CLOCK   ( 6562): every second
D/CLOCK   ( 6562): every second
D/CLOCK   ( 6562): every second
D/CLOCK   ( 6562): every second
D/CLOCK   ( 6562): every second
D/CLOCK   ( 6562): every second
D/CLOCK   ( 6562): every second
D/CLOCK   ( 6562): every second
D/CLOCK   ( 6562): every second
D/CLOCK   ( 6562): every second
D/CLOCK   ( 6562): every second
D/CLOCK   ( 6562): every second
D/CLOCK   ( 6562): every second
D/CLOCK   ( 6562): every second
D/CLOCK   ( 6562): every second
I/wpa_supplicant(  492): [CTRL_IFACE]wlan0: SIGNAL_POLL
D/CLOCK   ( 6562): every second
D/CLOCK   ( 6562): every second
D/CLOCK   ( 6562): every second
D/CLOCK   ( 6562): every second
D/CLOCK   ( 6562): every second
D/CLOCK   ( 6562): every second
D/CLOCK   ( 6562): every second
D/CLOCK   ( 6562): every second
D/CLOCK   ( 6562): every second
D/CLOCK   ( 6562): every second
D/CLOCK   ( 6562): every second
D/CLOCK   ( 6562): every second
D/CLOCK   ( 6562): every second
D/CLOCK   ( 6562): every second
D/CLOCK   ( 6562): every second
D/CLOCK   ( 6562): every second
D/CLOCK   ( 6562): every second
D/CLOCK   ( 6562): every second
D/CLOCK   ( 6562): every second
D/CLOCK   ( 6562): every second
D/CLOCK   ( 6562): every second
D/CLOCK   ( 6562): every second
D/CLOCK   ( 6562): every second
D/CLOCK   ( 6562): every second
D/CLOCK   ( 6562): every second
D/CLOCK   ( 6562): every second
D/CLOCK   ( 6562): every second
I/Choreographer( 6562): Skipped 195 frames!  The application may be doing too much work on its main thread.
I/SurfaceFlinger(  322): GraphicBufferAlloc::createGraphicBuffer 
D/CLOCK   ( 6562): every second
D/CLOCK   ( 6562): every second
D/CLOCK   ( 6562): every second
D/CLOCK   ( 6562): every second
D/CLOCK   ( 6562): every second
D/CLOCK   ( 6562): every second
D/CLOCK   ( 6562): every second
D/CLOCK   ( 6562): every second
D/CLOCK   ( 6562): every second
D/CLOCK   ( 6562): every second
D/CLOCK   ( 6562): every second
D/CLOCK   ( 6562): every second
D/CLOCK   ( 6562): every second
D/CLOCK   ( 6562): every second
D/CLOCK   ( 6562): every second
D/CLOCK   ( 6562): every second
D/CLOCK   ( 6562): every second
D/CLOCK   ( 6562): every second
D/CLOCK   ( 6562): every second
D/CLOCK   ( 6562): every second
D/CLOCK   ( 6562): every second
D/CLOCK   ( 6562): every second
D/CLOCK   ( 6562): every second
D/CLOCK   ( 6562): every second
D/CLOCK   ( 6562): every second
D/CLOCK   ( 6562): every second
D/CLOCK   ( 6562): every second
D/CLOCK   ( 6562): every second
D/CLOCK   ( 6562): every second
D/CLOCK   ( 6562): every second
D/CLOCK   ( 6562): every second
D/CLOCK   ( 6562): every second
D/CLOCK   ( 6562): every second
D/CLOCK   ( 6562): every second
D/CLOCK   ( 6562): every second
D/CLOCK   ( 6562): every second
D/CLOCK   ( 6562): every second
D/CLOCK   ( 6562): every second
D/CLOCK   ( 6562): every second
D/CLOCK   ( 6562): every second
D/CLOCK   ( 6562): every second
D/CLOCK   ( 6562): every second
D/CLOCK   ( 6562): every second
D/CLOCK   ( 6562): every second
D/CLOCK   ( 6562): every second
D/CLOCK   ( 6562): every second
D/CLOCK   ( 6562): every second
D/CLOCK   ( 6562): every second
D/CLOCK   ( 6562): every second
D/CLOCK   ( 6562): every second
D/CLOCK   ( 6562): every second
D/CLOCK   ( 6562): every second
I/wpa_supplicant(  492): [CTRL_IFACE]wlan0: SIGNAL_POLL
D/CLOCK   ( 6562): every second
D/CLOCK   ( 6562): every second
D/CLOCK   ( 6562): every second
D/CLOCK   ( 6562): every second
D/CLOCK   ( 6562): every second
D/CLOCK   ( 6562): every second
D/CLOCK   ( 6562): every second
D/CLOCK   ( 6562): every second
D/CLOCK   ( 6562): every second
D/CLOCK   ( 6562): every second
D/CLOCK   ( 6562): every second
D/CLOCK   ( 6562): every second
D/CLOCK   ( 6562): every second
D/CLOCK   ( 6562): every second
D/CLOCK   ( 6562): every second
D/CLOCK   ( 6562): every second
D/CLOCK   ( 6562): every second
D/CLOCK   ( 6562): every second
D/CLOCK   ( 6562): every second
D/CLOCK   ( 6562): every second
D/CLOCK   ( 6562): every second
D/CLOCK   ( 6562): every second
D/CLOCK   ( 6562): every second
D/CLOCK   ( 6562): every second
D/CLOCK   ( 6562): every second
D/CLOCK   ( 6562): every second
D/CLOCK   ( 6562): every second
D/CLOCK   ( 6562): every second
D/CLOCK   ( 6562): activity 1
I/ActivityManager(  347): START u0 {flg=0x4000000 cmp=com.example.untitled/.activity.PhotoActivity} from pid 6562
W/ActivityManager(  347): startActivity called from non-Activity context; forcing Intent.FLAG_ACTIVITY_NEW_TASK for: Intent { flg=0x4000000 cmp=com.example.untitled/.activity.PhotoActivity }
I/Choreographer( 6562): Skipped 189 frames!  The application may be doing too much work on its main thread.
I/SurfaceFlinger(  322): GraphicBufferAlloc::createGraphicBuffer 
D/CLOCK   ( 6562): every second
D/CLOCK   ( 6562): every second
D/CLOCK   ( 6562): every second
D/CLOCK   ( 6562): every second
D/CLOCK   ( 6562): every second
D/CLOCK   ( 6562): every second
D/CLOCK   ( 6562): every second
D/CLOCK   ( 6562): every second
D/CLOCK   ( 6562): every second
D/CLOCK   ( 6562): every second
W/ActivityManager(  347): Activity pause timeout for ActivityRecord{426a9a58 u0 com.example.untitled/.activity.ClockActivity}
D/CLOCK   ( 6562): every second
D/CLOCK   ( 6562): every second
D/CLOCK   ( 6562): every second
D/CLOCK   ( 6562): every second
D/CLOCK   ( 6562): every second
D/CLOCK   ( 6562): every second
D/CLOCK   ( 6562): every second
D/CLOCK   ( 6562): every second
D/CLOCK   ( 6562): every second
D/CLOCK   ( 6562): every second
D/CLOCK   ( 6562): every second
D/CLOCK   ( 6562): every second
D/CLOCK   ( 6562): every second
D/CLOCK   ( 6562): every second
D/CLOCK   ( 6562): every second
D/CLOCK   ( 6562): every second
I/wpa_supplicant(  492): [CTRL_IFACE]wlan0: SIGNAL_POLL
D/CLOCK   ( 6562): every second
D/CLOCK   ( 6562): every second
D/CLOCK   ( 6562): every second
D/CLOCK   ( 6562): every second
D/CLOCK   ( 6562): every second
D/CLOCK   ( 6562): every second
D/CLOCK   ( 6562): every second
D/CLOCK   ( 6562): every second
D/CLOCK   ( 6562): every second
D/CLOCK   ( 6562): every second
D/dalvikvm( 6562): GC_CONCURRENT freed 1935K, 14% free 13112K/15088K, paused 6ms+29ms, total 203ms
D/CLOCK   ( 6562): every second
D/CLOCK   ( 6562): every second
D/CLOCK   ( 6562): every second
D/CLOCK   ( 6562): every second
D/CLOCK   ( 6562): every second
D/CLOCK   ( 6562): every second
D/CLOCK   ( 6562): every second
D/CLOCK   ( 6562): every second
D/CLOCK   ( 6562): every second
D/CLOCK   ( 6562): every second
D/CLOCK   ( 6562): every second
D/CLOCK   ( 6562): every second
D/CLOCK   ( 6562): every second
D/CLOCK   ( 6562): every second
D/CLOCK   ( 6562): every second
D/CLOCK   ( 6562): every second
D/CLOCK   ( 6562): every second
D/CLOCK   ( 6562): every second
D/CLOCK   ( 6562): every second
D/CLOCK   ( 6562): every second
D/CLOCK   ( 6562): every second
D/CLOCK   ( 6562): every second
D/CLOCK   ( 6562): every second
D/CLOCK   ( 6562): every second
D/CLOCK   ( 6562): every second
D/CLOCK   ( 6562): every second
D/CLOCK   ( 6562): every second
D/CLOCK   ( 6562): every second
D/CLOCK   ( 6562): every second
D/CLOCK   ( 6562): every second
D/CLOCK   ( 6562): every second
D/CLOCK   ( 6562): every second
D/CLOCK   ( 6562): every second
D/CLOCK   ( 6562): every second
D/CLOCK   ( 6562): every second
D/CLOCK   ( 6562): every second
D/CLOCK   ( 6562): every second
D/CLOCK   ( 6562): every second
D/CLOCK   ( 6562): every second
D/CLOCK   ( 6562): every second
D/CLOCK   ( 6562): every second
D/CLOCK   ( 6562): every second
D/CLOCK   ( 6562): every second
D/CLOCK   ( 6562): every second
D/CLOCK   ( 6562): every second
D/CLOCK   ( 6562): every second
D/CLOCK   ( 6562): every second
I/wpa_supplicant(  492): [CTRL_IFACE]wlan0: SIGNAL_POLL
W/ImageLoader( 6562): Try to initialize ImageLoader which had already been initialized before. To re-init ImageLoader with new configuration call ImageLoader.destroy() at first.
D/token   ( 6562): 3931c817baacd3771bd18858b3a022a0
I/Choreographer( 6562): Skipped 228 frames!  The application may be doing too much work on its main thread.
E/SurfaceFlinger(  322): ro.sf.lcd_density must be defined as a build property
I/SurfaceFlinger(  322): GraphicBufferAlloc::createGraphicBuffer 
D/CLOCK   ( 6562): every second
D/CLOCK   ( 6562): every second
D/CLOCK   ( 6562): every second
D/CLOCK   ( 6562): every second
D/CLOCK   ( 6562): every second
D/CLOCK   ( 6562): every second
D/CLOCK   ( 6562): every second
D/CLOCK   ( 6562): every second
D/CLOCK   ( 6562): every second
D/CLOCK   ( 6562): every second
D/CLOCK   ( 6562): every second
D/CLOCK   ( 6562): every second
D/CLOCK   ( 6562): every second
D/CLOCK   ( 6562): every second
D/CLOCK   ( 6562): every second
D/CLOCK   ( 6562): every second
D/CLOCK   ( 6562): every second
D/CLOCK   ( 6562): every second
D/CLOCK   ( 6562): every second
D/CLOCK   ( 6562): every second
D/CLOCK   ( 6562): every second
D/CLOCK   ( 6562): every second
D/CLOCK   ( 6562): every second
D/CLOCK   ( 6562): every second
D/CLOCK   ( 6562): every second
D/CLOCK   ( 6562): every second
D/CLOCK   ( 6562): every second
D/CLOCK   ( 6562): every second
D/CLOCK   ( 6562): every second
D/CLOCK   ( 6562): every second
D/CLOCK   ( 6562): every second
D/CLOCK   ( 6562): every second
D/CLOCK   ( 6562): every second
D/CLOCK   ( 6562): every second
D/CLOCK   ( 6562): every second
D/CLOCK   ( 6562): every second
D/CLOCK   ( 6562): every second
D/CLOCK   ( 6562): every second
D/CLOCK   ( 6562): every second
D/CLOCK   ( 6562): every second
D/CLOCK   ( 6562): every second
D/CLOCK   ( 6562): every second
D/CLOCK   ( 6562): every second
D/CLOCK   ( 6562): every second
D/CLOCK   ( 6562): every second
D/CLOCK   ( 6562): every second
D/CLOCK   ( 6562): every second
D/CLOCK   ( 6562): every second
D/CLOCK   ( 6562): every second
D/CLOCK   ( 6562): every second
D/CLOCK   ( 6562): every second
D/CLOCK   ( 6562): every second
D/CLOCK   ( 6562): every second
D/CLOCK   ( 6562): every second
I/wpa_supplicant(  492): [CTRL_IFACE]wlan0: SIGNAL_POLL
D/CLOCK   ( 6562): every second
D/CLOCK   ( 6562): every second
D/CLOCK   ( 6562): every second
D/CLOCK   ( 6562): every second
D/CLOCK   ( 6562): every second
D/CLOCK   ( 6562): every second
D/CLOCK   ( 6562): every second
D/CLOCK   ( 6562): every second
D/CLOCK   ( 6562): every second
D/CLOCK   ( 6562): every second
D/CLOCK   ( 6562): every second
D/CLOCK   ( 6562): every second
D/CLOCK   ( 6562): every second
D/CLOCK   ( 6562): every second
D/CLOCK   ( 6562): every second
D/CLOCK   ( 6562): every second
D/CLOCK   ( 6562): every second
D/CLOCK   ( 6562): every second
D/CLOCK   ( 6562): every second
D/CLOCK   ( 6562): every second
D/CLOCK   ( 6562): every second
D/CLOCK   ( 6562): every second
D/CLOCK   ( 6562): every second
D/CLOCK   ( 6562): every second
D/CLOCK   ( 6562): every second
D/CLOCK   ( 6562): every second
I/Choreographer( 6562): Skipped 236 frames!  The application may be doing too much work on its main thread.
I/ActivityManager(  347): Displayed com.example.untitled/.activity.PhotoActivity: +7s784ms
E/BufferQueue(  322): [com.example.untitled/com.example.untitled.activity.ClockActivity] dequeueBuffer: SurfaceTexture has been abandoned!
E/BufferQueue(  322): [com.example.untitled/com.example.untitled.activity.ClockActivity] query: SurfaceTexture has been abandoned!
D/CLOCK   ( 6562): every second
D/CLOCK   ( 6562): every second
D/CLOCK   ( 6562): every second
D/CLOCK   ( 6562): every second
D/CLOCK   ( 6562): every second
D/CLOCK   ( 6562): every second
D/CLOCK   ( 6562): every second
D/CLOCK   ( 6562): every second
D/CLOCK   ( 6562): every second
D/CLOCK   ( 6562): every second
D/CLOCK   ( 6562): every second
D/CLOCK   ( 6562): every second
D/CLOCK   ( 6562): every second
D/CLOCK   ( 6562): every second
D/CLOCK   ( 6562): every second
D/CLOCK   ( 6562): every second
D/CLOCK   ( 6562): every second
D/CLOCK   ( 6562): every second
D/CLOCK   ( 6562): every second
D/CLOCK   ( 6562): every second
D/CLOCK   ( 6562): every second
D/CLOCK   ( 6562): every second
D/CLOCK   ( 6562): every second
D/CLOCK   ( 6562): every second
D/CLOCK   ( 6562): every second
D/CLOCK   ( 6562): every second
D/CLOCK   ( 6562): every second
D/CLOCK   ( 6562): every second
D/CLOCK   ( 6562): activity 2
D/token   ( 6562): 3931c817baacd3771bd18858b3a022a0
D/CLOCK   ( 6562): every second
D/CLOCK   ( 6562): every second
D/CLOCK   ( 6562): every second
D/CLOCK   ( 6562): every second
D/CLOCK   ( 6562): every second
W/ActivityManager(  347): Launch timeout has expired, giving up wake lock!
D/CLOCK   ( 6562): every second
D/CLOCK   ( 6562): every second
D/CLOCK   ( 6562): every second
D/CLOCK   ( 6562): every second
D/CLOCK   ( 6562): every second
D/CLOCK   ( 6562): every second
D/CLOCK   ( 6562): every second
I/wpa_supplicant(  492): [CTRL_IFACE]wlan0: SIGNAL_POLL
D/CLOCK   ( 6562): every second
D/CLOCK   ( 6562): every second
D/CLOCK   ( 6562): every second
D/CLOCK   ( 6562): every second
D/CLOCK   ( 6562): every second
D/CLOCK   ( 6562): every second
W/ActivityManager(  347): Activity idle timeout for ActivityRecord{4249beb0 u0 com.example.untitled/.activity.PhotoActivity}
D/CLOCK   ( 6562): every second
D/CLOCK   ( 6562): every second
D/CLOCK   ( 6562): every second
D/CLOCK   ( 6562): every second
D/CLOCK   ( 6562): every second
D/CLOCK   ( 6562): every second
D/CLOCK   ( 6562): every second
I/Choreographer( 6562): Skipped 170 frames!  The application may be doing too much work on its main thread.
I/SurfaceFlinger(  322): GraphicBufferAlloc::createGraphicBuffer 
D/CLOCK   ( 6562): every second
D/CLOCK   ( 6562): every second
D/CLOCK   ( 6562): every second
D/CLOCK   ( 6562): every second
D/CLOCK   ( 6562): every second
D/CLOCK   ( 6562): every second
D/CLOCK   ( 6562): every second
D/CLOCK   ( 6562): every second
D/CLOCK   ( 6562): every second
D/CLOCK   ( 6562): every second
D/CLOCK   ( 6562): every second
D/CLOCK   ( 6562): every second
D/CLOCK   ( 6562): every second
D/CLOCK   ( 6562): every second
D/CLOCK   ( 6562): every second
D/CLOCK   ( 6562): every second
D/CLOCK   ( 6562): every second
D/CLOCK   ( 6562): every second
D/CLOCK   ( 6562): every second
D/CLOCK   ( 6562): every second
D/CLOCK   ( 6562): every second
D/CLOCK   ( 6562): every second
D/CLOCK   ( 6562): every second
D/CLOCK   ( 6562): every second
D/CLOCK   ( 6562): every second
D/CLOCK   ( 6562): every second
D/CLOCK   ( 6562): every second
D/CLOCK   ( 6562): every second
D/CLOCK   ( 6562): every second
D/CLOCK   ( 6562): every second
D/CLOCK   ( 6562): every second
D/CLOCK   ( 6562): every second
D/CLOCK   ( 6562): every second
D/CLOCK   ( 6562): every second
D/CLOCK   ( 6562): every second
D/CLOCK   ( 6562): every second
D/CLOCK   ( 6562): every second
D/CLOCK   ( 6562): every second
D/CLOCK   ( 6562): every second
D/CLOCK   ( 6562): every second
D/CLOCK   ( 6562): every second
D/CLOCK   ( 6562): every second
D/CLOCK   ( 6562): every second
D/CLOCK   ( 6562): every second
D/CLOCK   ( 6562): every second
D/CLOCK   ( 6562): every second
D/CLOCK   ( 6562): every second
D/CLOCK   ( 6562): every second
D/CLOCK   ( 6562): every second
D/CLOCK   ( 6562): every second
D/CLOCK   ( 6562): every second
D/CLOCK   ( 6562): every second
D/CLOCK   ( 6562): every second
D/CLOCK   ( 6562): every second
D/CLOCK   ( 6562): every second
D/CLOCK   ( 6562): every second
D/CLOCK   ( 6562): every second
D/CLOCK   ( 6562): every second
D/CLOCK   ( 6562): every second
D/CLOCK   ( 6562): every second
D/CLOCK   ( 6562): every second
D/CLOCK   ( 6562): every second
D/CLOCK   ( 6562): every second
D/CLOCK   ( 6562): every second
D/CLOCK   ( 6562): every second
D/CLOCK   ( 6562): every second
D/CLOCK   ( 6562): every second
D/CLOCK   ( 6562): every second
I/wpa_supplicant(  492): [CTRL_IFACE]wlan0: SIGNAL_POLL
D/CLOCK   ( 6562): every second
D/CLOCK   ( 6562): every second
D/CLOCK   ( 6562): every second
D/CLOCK   ( 6562): every second
D/CLOCK   ( 6562): every second
D/CLOCK   ( 6562): every second
D/CLOCK   ( 6562): every second
D/CLOCK   ( 6562): every second
D/CLOCK   ( 6562): every second
D/CLOCK   ( 6562): every second
D/CLOCK   ( 6562): every second
D/CLOCK   ( 6562): every second
D/CLOCK   ( 6562): every second
D/CLOCK   ( 6562): every second
D/CLOCK   ( 6562): every second
D/CLOCK   ( 6562): every second
D/CLOCK   ( 6562): every second
D/CLOCK   ( 6562): every second
D/CLOCK   ( 6562): every second
D/CLOCK   ( 6562): every second
D/CLOCK   ( 6562): every second
D/CLOCK   ( 6562): every second
D/dalvikvm( 6562): GC_CONCURRENT freed 1883K, 14% free 13164K/15168K, paused 4ms+27ms, total 187ms
D/CLOCK   ( 6562): every second
D/CLOCK   ( 6562): every second
D/CLOCK   ( 6562): every second
D/CLOCK   ( 6562): every second
D/CLOCK   ( 6562): every second
D/CLOCK   ( 6562): every second
D/CLOCK   ( 6562): every second
D/CLOCK   ( 6562): every second
D/CLOCK   ( 6562): every second
D/CLOCK   ( 6562): every second
D/CLOCK   ( 6562): every second
D/CLOCK   ( 6562): every second
D/CLOCK   ( 6562): every second
D/CLOCK   ( 6562): every second
D/CLOCK   ( 6562): every second
D/CLOCK   ( 6562): every second
D/CLOCK   ( 6562): every second
D/CLOCK   ( 6562): every second
D/CLOCK   ( 6562): every second
D/CLOCK   ( 6562): every second
D/CLOCK   ( 6562): every second
D/CLOCK   ( 6562): every second
D/CLOCK   ( 6562): every second
D/CLOCK   ( 6562): every second
D/CLOCK   ( 6562): every second
D/CLOCK   ( 6562): every second
D/CLOCK   ( 6562): every second
D/CLOCK   ( 6562): every second
D/CLOCK   ( 6562): every second
D/CLOCK   ( 6562): every second
I/Choreographer( 6562): Skipped 214 frames!  The application may be doing too much work on its main thread.
D/CLOCK   ( 6562): every second
D/CLOCK   ( 6562): every second
D/CLOCK   ( 6562): every second
D/CLOCK   ( 6562): every second
D/CLOCK   ( 6562): every second
D/CLOCK   ( 6562): every second
D/CLOCK   ( 6562): every second
D/CLOCK   ( 6562): every second
D/CLOCK   ( 6562): every second
D/CLOCK   ( 6562): every second
D/CLOCK   ( 6562): every second
D/CLOCK   ( 6562): every second
D/CLOCK   ( 6562): every second
D/CLOCK   ( 6562): every second
D/CLOCK   ( 6562): every second
D/CLOCK   ( 6562): every second
D/CLOCK   ( 6562): every second
D/CLOCK   ( 6562): every second
I/wpa_supplicant(  492): [CTRL_IFACE]wlan0: SIGNAL_POLL
D/CLOCK   ( 6562): every second
D/CLOCK   ( 6562): every second
D/CLOCK   ( 6562): every second
D/CLOCK   ( 6562): every second
D/CLOCK   ( 6562): every second
D/CLOCK   ( 6562): every second
D/CLOCK   ( 6562): every second
D/CLOCK   ( 6562): every second
D/CLOCK   ( 6562): every second
D/CLOCK   ( 6562): every second
D/CLOCK   ( 6562): every second
D/CLOCK   ( 6562): every second
D/CLOCK   ( 6562): every second
D/CLOCK   ( 6562): every second
D/CLOCK   ( 6562): every second
D/CLOCK   ( 6562): every second
D/CLOCK   ( 6562): every second
D/CLOCK   ( 6562): every second
D/CLOCK   ( 6562): every second
D/CLOCK   ( 6562): every second
D/CLOCK   ( 6562): every second
D/CLOCK   ( 6562): every second
D/CLOCK   ( 6562): every second
D/CLOCK   ( 6562): every second
D/CLOCK   ( 6562): every second
D/CLOCK   ( 6562): every second
D/CLOCK   ( 6562): every second
D/CLOCK   ( 6562): every second
D/CLOCK   ( 6562): every second
D/CLOCK   ( 6562): every second
D/CLOCK   ( 6562): every second
D/CLOCK   ( 6562): every second
D/CLOCK   ( 6562): every second
D/CLOCK   ( 6562): every second
D/CLOCK   ( 6562): every second
D/CLOCK   ( 6562): every second
D/CLOCK   ( 6562): every second
D/CLOCK   ( 6562): every second
D/CLOCK   ( 6562): every second
D/CLOCK   ( 6562): every second
D/CLOCK   ( 6562): every second
D/CLOCK   ( 6562): every second
D/CLOCK   ( 6562): every second
D/CLOCK   ( 6562): every second
D/CLOCK   ( 6562): every second
D/CLOCK   ( 6562): every second
D/CLOCK   ( 6562): every second
D/CLOCK   ( 6562): every second
D/CLOCK   ( 6562): every second
D/CLOCK   ( 6562): every second
D/CLOCK   ( 6562): every second
I/Choreographer( 6562): Skipped 149 frames!  The application may be doing too much work on its main thread.
D/CLOCK   ( 6562): every second
D/CLOCK   ( 6562): every second
D/CLOCK   ( 6562): every second
D/CLOCK   ( 6562): every second
D/CLOCK   ( 6562): every second
D/CLOCK   ( 6562): every second
D/CLOCK   ( 6562): every second
D/CLOCK   ( 6562): every second
D/CLOCK   ( 6562): every second
D/CLOCK   ( 6562): every second
D/CLOCK   ( 6562): every second
D/CLOCK   ( 6562): every second
D/CLOCK   ( 6562): every second
D/CLOCK   ( 6562): every second
D/CLOCK   ( 6562): every second
D/CLOCK   ( 6562): every second
D/CLOCK   ( 6562): every second
D/CLOCK   ( 6562): every second
D/CLOCK   ( 6562): every second
D/CLOCK   ( 6562): every second
D/CLOCK   ( 6562): every second
D/CLOCK   ( 6562): every second
D/CLOCK   ( 6562): every second
D/CLOCK   ( 6562): every second
D/CLOCK   ( 6562): every second
D/CLOCK   ( 6562): every second
D/CLOCK   ( 6562): every second
D/CLOCK   ( 6562): every second
D/CLOCK   ( 6562): activity 0
I/ActivityManager(  347): START u0 {flg=0x4000000 cmp=com.example.untitled/.activity.ClockActivity} from pid 6562
W/ActivityManager(  347): startActivity called from non-Activity context; forcing Intent.FLAG_ACTIVITY_NEW_TASK for: Intent { flg=0x4000000 cmp=com.example.untitled/.activity.ClockActivity }
D/CLOCK   ( 6562): every second
D/CLOCK   ( 6562): every second
D/CLOCK   ( 6562): every second
I/wpa_supplicant(  492): [CTRL_IFACE]wlan0: SIGNAL_POLL
D/CLOCK   ( 6562): every second
D/CLOCK   ( 6562): every second
D/CLOCK   ( 6562): every second
D/CLOCK   ( 6562): every second
D/CLOCK   ( 6562): every second
D/CLOCK   ( 6562): every second
D/CLOCK   ( 6562): every second
D/CLOCK   ( 6562): every second
D/CLOCK   ( 6562): every second
D/CLOCK   ( 6562): every second
W/ActivityManager(  347): Activity pause timeout for ActivityRecord{4249beb0 u0 com.example.untitled/.activity.PhotoActivity}
D/CLOCK   ( 6562): every second
D/CLOCK   ( 6562): every second
D/CLOCK   ( 6562): every second
D/CLOCK   ( 6562): every second
D/CLOCK   ( 6562): every second
D/CLOCK   ( 6562): every second
D/CLOCK   ( 6562): every second
D/CLOCK   ( 6562): every second
D/CLOCK   ( 6562): every second
D/CLOCK   ( 6562): every second
D/CLOCK   ( 6562): every second
D/CLOCK   ( 6562): every second
D/CLOCK   ( 6562): every second
D/CLOCK   ( 6562): every second
D/CLOCK   ( 6562): every second
D/CLOCK   ( 6562): every second
D/CLOCK   ( 6562): every second
D/CLOCK   ( 6562): every second
D/CLOCK   ( 6562): every second
D/CLOCK   ( 6562): every second
D/CLOCK   ( 6562): every second
D/CLOCK   ( 6562): every second
D/CLOCK   ( 6562): every second
D/CLOCK   ( 6562): every second
D/CLOCK   ( 6562): every second
D/CLOCK   ( 6562): every second
D/CLOCK   ( 6562): every second
D/CLOCK   ( 6562): every second
D/CLOCK   ( 6562): every second
D/CLOCK   ( 6562): every second
D/CLOCK   ( 6562): every second
D/CLOCK   ( 6562): every second
D/CLOCK   ( 6562): every second
D/CLOCK   ( 6562): every second
D/CLOCK   ( 6562): every second
D/CLOCK   ( 6562): every second
D/CLOCK   ( 6562): every second
D/CLOCK   ( 6562): every second
D/CLOCK   ( 6562): every second
D/CLOCK   ( 6562): every second
D/CLOCK   ( 6562): every second
D/CLOCK   ( 6562): every second
D/CLOCK   ( 6562): every second
I/Choreographer( 6562): Skipped 190 frames!  The application may be doing too much work on its main thread.
D/CLOCK   ( 6562): every second
D/CLOCK   ( 6562): every second
D/CLOCK   ( 6562): every second
D/CLOCK   ( 6562): every second
D/CLOCK   ( 6562): every second
D/CLOCK   ( 6562): every second
D/CLOCK   ( 6562): every second
D/CLOCK   ( 6562): every second
D/CLOCK   ( 6562): every second
D/CLOCK   ( 6562): every second
D/CLOCK   ( 6562): every second
D/CLOCK   ( 6562): every second
D/CLOCK   ( 6562): every second
D/CLOCK   ( 6562): every second
D/CLOCK   ( 6562): every second
D/CLOCK   ( 6562): every second
I/wpa_supplicant(  492): [CTRL_IFACE]wlan0: SIGNAL_POLL
D/CLOCK   ( 6562): every second
D/CLOCK   ( 6562): every second
D/CLOCK   ( 6562): every second
D/CLOCK   ( 6562): every second
D/CLOCK   ( 6562): every second
D/CLOCK   ( 6562): every second
D/CLOCK   ( 6562): every second
D/CLOCK   ( 6562): every second
D/CLOCK   ( 6562): every second
D/CLOCK   ( 6562): every second
D/CLOCK   ( 6562): every second
D/CLOCK   ( 6562): every second
D/CLOCK   ( 6562): every second
D/CLOCK   ( 6562): every second
D/CLOCK   ( 6562): every second
D/CLOCK   ( 6562): every second
D/CLOCK   ( 6562): every second
D/CLOCK   ( 6562): every second
D/CLOCK   ( 6562): every second
D/CLOCK   ( 6562): every second
D/CLOCK   ( 6562): every second
D/CLOCK   ( 6562): every second
D/CLOCK   ( 6562): every second
D/CLOCK   ( 6562): every second
D/CLOCK   ( 6562): every second
D/CLOCK   ( 6562): every second
D/CLOCK   ( 6562): every second
D/CLOCK   ( 6562): every second
D/CLOCK   ( 6562): every second
D/CLOCK   ( 6562): every second
D/CLOCK   ( 6562): every second
D/CLOCK   ( 6562): every second
D/CLOCK   ( 6562): every second
D/CLOCK   ( 6562): every second
D/CLOCK   ( 6562): every second
D/CLOCK   ( 6562): every second
D/CLOCK   ( 6562): every second
D/CLOCK   ( 6562): every second
D/CLOCK   ( 6562): every second
D/CLOCK   ( 6562): every second
D/CLOCK   ( 6562): every second
D/CLOCK   ( 6562): every second
D/CLOCK   ( 6562): every second
D/CLOCK   ( 6562): every second
D/CLOCK   ( 6562): every second
D/CLOCK   ( 6562): every second
D/CLOCK   ( 6562): every second
D/CLOCK   ( 6562): every second
D/CLOCK   ( 6562): every second
D/CLOCK   ( 6562): every second
D/CLOCK   ( 6562): every second
D/CLOCK   ( 6562): every second
D/CLOCK   ( 6562): every second
D/CLOCK   ( 6562): every second
D/CLOCK   ( 6562): every second
D/CLOCK   ( 6562): every second
D/CLOCK   ( 6562): every second
D/CLOCK   ( 6562): every second
D/CLOCK   ( 6562): every second
D/CLOCK   ( 6562): every second
D/CLOCK   ( 6562): every second
I/wpa_supplicant(  492): [CTRL_IFACE]wlan0: SIGNAL_POLL
D/CLOCK   ( 6562): every second
D/CLOCK   ( 6562): every second
D/CLOCK   ( 6562): every second
D/CLOCK   ( 6562): every second
D/CLOCK   ( 6562): every second
D/CLOCK   ( 6562): every second
D/CLOCK   ( 6562): every second
D/CLOCK   ( 6562): every second
D/CLOCK   ( 6562): every second
D/CLOCK   ( 6562): every second
D/CLOCK   ( 6562): every second
D/CLOCK   ( 6562): every second
D/CLOCK   ( 6562): every second
D/CLOCK   ( 6562): every second
D/CLOCK   ( 6562): every second
D/CLOCK   ( 6562): every second
D/CLOCK   ( 6562): every second
D/CLOCK   ( 6562): every second
I/Choreographer( 6562): Skipped 209 frames!  The application may be doing too much work on its main thread.
E/SurfaceFlinger(  322): ro.sf.lcd_density must be defined as a build property
I/SurfaceFlinger(  322): GraphicBufferAlloc::createGraphicBuffer 
D/CLOCK   ( 6562): every second
D/CLOCK   ( 6562): every second
D/CLOCK   ( 6562): every second
D/CLOCK   ( 6562): every second
D/CLOCK   ( 6562): every second
D/CLOCK   ( 6562): every second
D/CLOCK   ( 6562): every second
D/CLOCK   ( 6562): every second
D/CLOCK   ( 6562): every second
D/CLOCK   ( 6562): every second
D/CLOCK   ( 6562): every second
D/CLOCK   ( 6562): every second
D/CLOCK   ( 6562): every second
D/CLOCK   ( 6562): every second
D/CLOCK   ( 6562): every second
D/CLOCK   ( 6562): every second
D/CLOCK   ( 6562): every second
D/CLOCK   ( 6562): every second
D/CLOCK   ( 6562): every second
D/CLOCK   ( 6562): every second
D/CLOCK   ( 6562): every second
D/dalvikvm( 6562): GC_CONCURRENT freed 1934K, 14% free 13162K/15140K, paused 4ms+45ms, total 161ms
D/CLOCK   ( 6562): every second
D/CLOCK   ( 6562): every second
D/CLOCK   ( 6562): every second
D/CLOCK   ( 6562): every second
D/CLOCK   ( 6562): every second
D/CLOCK   ( 6562): every second
D/CLOCK   ( 6562): every second
D/CLOCK   ( 6562): every second
D/CLOCK   ( 6562): every second
D/CLOCK   ( 6562): every second
D/CLOCK   ( 6562): every second
D/CLOCK   ( 6562): every second
D/CLOCK   ( 6562): every second
D/CLOCK   ( 6562): every second
D/CLOCK   ( 6562): every second
D/CLOCK   ( 6562): every second
D/CLOCK   ( 6562): every second
D/CLOCK   ( 6562): every second
D/CLOCK   ( 6562): every second
D/CLOCK   ( 6562): every second
D/CLOCK   ( 6562): every second
D/CLOCK   ( 6562): every second
D/CLOCK   ( 6562): every second
D/CLOCK   ( 6562): every second
D/CLOCK   ( 6562): every second
D/CLOCK   ( 6562): every second
I/wpa_supplicant(  492): [CTRL_IFACE]wlan0: SIGNAL_POLL
D/CLOCK   ( 6562): every second
D/CLOCK   ( 6562): every second
D/CLOCK   ( 6562): every second
D/CLOCK   ( 6562): every second
D/CLOCK   ( 6562): every second
D/CLOCK   ( 6562): every second
D/CLOCK   ( 6562): every second
D/CLOCK   ( 6562): every second
D/CLOCK   ( 6562): every second
D/CLOCK   ( 6562): every second
D/CLOCK   ( 6562): every second
D/CLOCK   ( 6562): every second
D/CLOCK   ( 6562): every second
D/CLOCK   ( 6562): every second
D/CLOCK   ( 6562): every second
I/Choreographer( 6562): Skipped 191 frames!  The application may be doing too much work on its main thread.
I/ActivityManager(  347): Displayed com.example.untitled/.activity.ClockActivity: +9s378ms
I/SurfaceFlinger(  322): GraphicBufferAlloc::createGraphicBuffer 
D/CLOCK   ( 6562): every second
D/CLOCK   ( 6562): every second
D/CLOCK   ( 6562): every second
W/ActivityManager(  347): Launch timeout has expired, giving up wake lock!
D/CLOCK   ( 6562): every second
D/CLOCK   ( 6562): every second
D/CLOCK   ( 6562): every second
D/CLOCK   ( 6562): every second
D/CLOCK   ( 6562): every second
D/CLOCK   ( 6562): every second
D/CLOCK   ( 6562): every second
D/CLOCK   ( 6562): every second
D/CLOCK   ( 6562): every second
D/CLOCK   ( 6562): every second
D/CLOCK   ( 6562): every second
D/CLOCK   ( 6562): every second
D/CLOCK   ( 6562): every second
D/CLOCK   ( 6562): every second
W/ActivityManager(  347): Activity idle timeout for ActivityRecord{426623f0 u0 com.example.untitled/.activity.ClockActivity}
D/CLOCK   ( 6562): every second
D/CLOCK   ( 6562): every second
D/CLOCK   ( 6562): every second
D/CLOCK   ( 6562): every second
D/CLOCK   ( 6562): every second
D/CLOCK   ( 6562): every second
D/CLOCK   ( 6562): every second
D/CLOCK   ( 6562): every second
D/CLOCK   ( 6562): every second
D/CLOCK   ( 6562): every second
D/CLOCK   ( 6562): every second
D/CLOCK   ( 6562): every second
D/CLOCK   ( 6562): every second
D/CLOCK   ( 6562): every second
D/CLOCK   ( 6562): every second
D/CLOCK   ( 6562): every second
D/CLOCK   ( 6562): every second
D/CLOCK   ( 6562): every second
D/CLOCK   ( 6562): every second
D/CLOCK   ( 6562): every second
D/CLOCK   ( 6562): every second
D/CLOCK   ( 6562): every second
D/CLOCK   ( 6562): every second
D/CLOCK   ( 6562): every second
D/CLOCK   ( 6562): every second
D/CLOCK   ( 6562): every second
D/CLOCK   ( 6562): every second
D/CLOCK   ( 6562): every second
D/CLOCK   ( 6562): every second
D/CLOCK   ( 6562): every second
D/CLOCK   ( 6562): every second
D/CLOCK   ( 6562): every second
D/CLOCK   ( 6562): every second
D/CLOCK   ( 6562): every second
D/CLOCK   ( 6562): every second
D/CLOCK   ( 6562): every second
D/CLOCK   ( 6562): every second
D/CLOCK   ( 6562): every second
D/CLOCK   ( 6562): every second
D/CLOCK   ( 6562): every second
D/CLOCK   ( 6562): every second
D/CLOCK   ( 6562): every second
D/CLOCK   ( 6562): every second
D/CLOCK   ( 6562): every second
D/CLOCK   ( 6562): every second
D/CLOCK   ( 6562): every second
I/wpa_supplicant(  492): [CTRL_IFACE]wlan0: SIGNAL_POLL
D/CLOCK   ( 6562): every second
D/CLOCK   ( 6562): every second
D/CLOCK   ( 6562): every second
D/CLOCK   ( 6562): every second
D/CLOCK   ( 6562): every second
D/CLOCK   ( 6562): every second
D/CLOCK   ( 6562): every second
D/CLOCK   ( 6562): every second
D/CLOCK   ( 6562): every second
D/CLOCK   ( 6562): every second
D/CLOCK   ( 6562): every second
D/CLOCK   ( 6562): every second
D/CLOCK   ( 6562): every second
D/CLOCK   ( 6562): every second
D/CLOCK   ( 6562): every second
D/CLOCK   ( 6562): every second
D/CLOCK   ( 6562): every second
D/CLOCK   ( 6562): every second
D/CLOCK   ( 6562): every second
D/CLOCK   ( 6562): every second
D/CLOCK   ( 6562): every second
D/CLOCK   ( 6562): every second
D/CLOCK   ( 6562): every second
I/Choreographer( 6562): Skipped 137 frames!  The application may be doing too much work on its main thread.
I/SurfaceFlinger(  322): GraphicBufferAlloc::createGraphicBuffer 
D/CLOCK   ( 6562): every second
D/CLOCK   ( 6562): every second
D/CLOCK   ( 6562): every second
D/CLOCK   ( 6562): every second
D/CLOCK   ( 6562): every second
D/CLOCK   ( 6562): every second
D/CLOCK   ( 6562): every second
D/CLOCK   ( 6562): every second
D/CLOCK   ( 6562): every second
D/CLOCK   ( 6562): every second
D/CLOCK   ( 6562): every second
D/CLOCK   ( 6562): every second
D/CLOCK   ( 6562): every second
D/CLOCK   ( 6562): every second
D/CLOCK   ( 6562): every second
D/CLOCK   ( 6562): every second
D/CLOCK   ( 6562): every second
D/CLOCK   ( 6562): every second
D/CLOCK   ( 6562): every second
D/CLOCK   ( 6562): every second
D/CLOCK   ( 6562): every second
D/CLOCK   ( 6562): every second
D/CLOCK   ( 6562): every second
D/CLOCK   ( 6562): every second
D/CLOCK   ( 6562): every second
D/CLOCK   ( 6562): every second
D/CLOCK   ( 6562): every second
D/CLOCK   ( 6562): every second
D/CLOCK   ( 6562): every second
D/CLOCK   ( 6562): every second
D/CLOCK   ( 6562): every second
D/CLOCK   ( 6562): every second
D/CLOCK   ( 6562): every second
D/CLOCK   ( 6562): every second
D/CLOCK   ( 6562): every second
D/CLOCK   ( 6562): every second
D/CLOCK   ( 6562): every second
D/CLOCK   ( 6562): every second
D/CLOCK   ( 6562): every second
D/CLOCK   ( 6562): every second
D/CLOCK   ( 6562): every second
D/CLOCK   ( 6562): every second
D/CLOCK   ( 6562): every second
D/CLOCK   ( 6562): every second
D/CLOCK   ( 6562): every second
D/CLOCK   ( 6562): every second
D/CLOCK   ( 6562): every second
D/CLOCK   ( 6562): every second
D/CLOCK   ( 6562): every second
D/CLOCK   ( 6562): every second
D/CLOCK   ( 6562): every second
D/CLOCK   ( 6562): every second
D/CLOCK   ( 6562): every second
D/CLOCK   ( 6562): every second
D/CLOCK   ( 6562): every second
I/wpa_supplicant(  492): [CTRL_IFACE]wlan0: SIGNAL_POLL
D/CLOCK   ( 6562): every second
D/CLOCK   ( 6562): every second
D/CLOCK   ( 6562): every second
D/CLOCK   ( 6562): every second
D/CLOCK   ( 6562): every second
D/CLOCK   ( 6562): every second
D/CLOCK   ( 6562): every second
D/CLOCK   ( 6562): every second
D/CLOCK   ( 6562): every second
D/CLOCK   ( 6562): every second
D/CLOCK   ( 6562): every second
D/CLOCK   ( 6562): every second
D/CLOCK   ( 6562): every second
D/CLOCK   ( 6562): every second
D/CLOCK   ( 6562): every second
D/CLOCK   ( 6562): every second
D/CLOCK   ( 6562): every second
D/CLOCK   ( 6562): every second
D/CLOCK   ( 6562): every second
D/CLOCK   ( 6562): every second
D/CLOCK   ( 6562): every second
D/CLOCK   ( 6562): every second
D/CLOCK   ( 6562): every second
D/CLOCK   ( 6562): every second
D/CLOCK   ( 6562): every second
D/CLOCK   ( 6562): every second
I/Choreographer( 6562): Skipped 135 frames!  The application may be doing too much work on its main thread.
I/SurfaceFlinger(  322): GraphicBufferAlloc::createGraphicBuffer 
D/CLOCK   ( 6562): every second
D/CLOCK   ( 6562): every second
D/CLOCK   ( 6562): every second
D/CLOCK   ( 6562): every second
D/CLOCK   ( 6562): every second
D/CLOCK   ( 6562): every second
D/CLOCK   ( 6562): every second
D/CLOCK   ( 6562): every second
D/CLOCK   ( 6562): every second
D/CLOCK   ( 6562): every second
D/CLOCK   ( 6562): every second
D/CLOCK   ( 6562): every second
D/CLOCK   ( 6562): every second
D/CLOCK   ( 6562): every second
D/CLOCK   ( 6562): every second
D/CLOCK   ( 6562): every second
D/CLOCK   ( 6562): every second
D/CLOCK   ( 6562): every second
D/CLOCK   ( 6562): every second
D/CLOCK   ( 6562): every second
D/CLOCK   ( 6562): every second
D/CLOCK   ( 6562): every second
D/CLOCK   ( 6562): every second
D/CLOCK   ( 6562): every second
D/CLOCK   ( 6562): every second
D/CLOCK   ( 6562): every second
D/CLOCK   ( 6562): every second
D/CLOCK   ( 6562): every second
D/CLOCK   ( 6562): every second
D/CLOCK   ( 6562): every second
D/CLOCK   ( 6562): every second
D/CLOCK   ( 6562): every second
D/CLOCK   ( 6562): every second
D/CLOCK   ( 6562): every second
D/CLOCK   ( 6562): every second
D/CLOCK   ( 6562): every second
D/CLOCK   ( 6562): every second
D/CLOCK   ( 6562): every second
D/CLOCK   ( 6562): every second
D/CLOCK   ( 6562): every second
D/CLOCK   ( 6562): every second
D/CLOCK   ( 6562): every second
D/CLOCK   ( 6562): every second
D/CLOCK   ( 6562): every second
D/CLOCK   ( 6562): every second
D/CLOCK   ( 6562): every second
D/CLOCK   ( 6562): every second
D/CLOCK   ( 6562): every second
D/CLOCK   ( 6562): every second
D/CLOCK   ( 6562): every second
D/CLOCK   ( 6562): every second
D/CLOCK   ( 6562): every second
I/wpa_supplicant(  492): [CTRL_IFACE]wlan0: SIGNAL_POLL
D/CLOCK   ( 6562): every second
D/CLOCK   ( 6562): every second
D/CLOCK   ( 6562): every second
D/CLOCK   ( 6562): every second
D/CLOCK   ( 6562): every second
D/CLOCK   ( 6562): every second
D/CLOCK   ( 6562): every second
D/CLOCK   ( 6562): every second
D/CLOCK   ( 6562): every second
D/CLOCK   ( 6562): every second
D/CLOCK   ( 6562): every second
D/CLOCK   ( 6562): every second
D/CLOCK   ( 6562): every second
D/CLOCK   ( 6562): every second
D/CLOCK   ( 6562): every second
D/CLOCK   ( 6562): every second
D/CLOCK   ( 6562): every second
D/CLOCK   ( 6562): every second
D/CLOCK   ( 6562): every second
D/CLOCK   ( 6562): every second
D/CLOCK   ( 6562): every second
D/CLOCK   ( 6562): every second
D/CLOCK   ( 6562): every second
D/CLOCK   ( 6562): every second
D/CLOCK   ( 6562): every second
D/CLOCK   ( 6562): every second
D/CLOCK   ( 6562): every second
D/CLOCK   ( 6562): every second
D/CLOCK   ( 6562): every second
D/CLOCK   ( 6562): every second
D/CLOCK   ( 6562): every second
D/CLOCK   ( 6562): every second
D/CLOCK   ( 6562): every second
D/CLOCK   ( 6562): every second
D/CLOCK   ( 6562): every second
D/CLOCK   ( 6562): every second
D/CLOCK   ( 6562): every second
D/CLOCK   ( 6562): every second
D/CLOCK   ( 6562): every second
D/CLOCK   ( 6562): every second
D/CLOCK   ( 6562): every second
D/CLOCK   ( 6562): every second
D/CLOCK   ( 6562): every second
D/CLOCK   ( 6562): every second
D/CLOCK   ( 6562): every second
D/CLOCK   ( 6562): every second
D/CLOCK   ( 6562): every second
D/dalvikvm( 6562): GC_CONCURRENT freed 1932K, 14% free 13163K/15140K, paused 4ms+25ms, total 169ms
D/CLOCK   ( 6562): every second
D/CLOCK   ( 6562): every second
D/CLOCK   ( 6562): every second
D/CLOCK   ( 6562): every second
D/CLOCK   ( 6562): every second
I/Choreographer( 6562): Skipped 217 frames!  The application may be doing too much work on its main thread.
I/SurfaceFlinger(  322): GraphicBufferAlloc::createGraphicBuffer 
D/CLOCK   ( 6562): activity 1
I/wpa_supplicant(  492): [CTRL_IFACE]wlan0: SIGNAL_POLL
I/ActivityManager(  347): START u0 {flg=0x4000000 cmp=com.example.untitled/.activity.PhotoActivity} from pid 6562
W/ActivityManager(  347): startActivity called from non-Activity context; forcing Intent.FLAG_ACTIVITY_NEW_TASK for: Intent { flg=0x4000000 cmp=com.example.untitled/.activity.PhotoActivity }
D/CLOCK   ( 6562): activity 2
D/token   ( 6562): 3931c817baacd3771bd18858b3a022a0
D/CLOCK   ( 6562): every second
D/CLOCK   ( 6562): every second
D/CLOCK   ( 6562): every second
W/ActivityManager(  347): Activity pause timeout for ActivityRecord{426623f0 u0 com.example.untitled/.activity.ClockActivity}
D/CLOCK   ( 6562): every second
D/CLOCK   ( 6562): every second
D/CLOCK   ( 6562): every second
D/CLOCK   ( 6562): every second
D/CLOCK   ( 6562): every second
D/CLOCK   ( 6562): every second
D/dalvikvm(  347): GC_CONCURRENT freed 794K, 30% free 7748K/10964K, paused 3ms+15ms, total 162ms
D/CLOCK   ( 6562): every second
D/CLOCK   ( 6562): every second
D/CLOCK   ( 6562): every second
D/CLOCK   ( 6562): every second
D/CLOCK   ( 6562): every second
D/CLOCK   ( 6562): every second
D/CLOCK   ( 6562): every second
D/CLOCK   ( 6562): every second
D/CLOCK   ( 6562): every second
D/CLOCK   ( 6562): every second
D/CLOCK   ( 6562): every second
D/CLOCK   ( 6562): every second
D/CLOCK   ( 6562): every second
D/CLOCK   ( 6562): every second
D/CLOCK   ( 6562): every second
D/CLOCK   ( 6562): every second
D/CLOCK   ( 6562): every second
D/CLOCK   ( 6562): every second
D/CLOCK   ( 6562): every second
D/CLOCK   ( 6562): every second
D/CLOCK   ( 6562): every second
D/CLOCK   ( 6562): every second
D/CLOCK   ( 6562): every second
D/CLOCK   ( 6562): every second
D/CLOCK   ( 6562): every second
D/CLOCK   ( 6562): every second
D/CLOCK   ( 6562): every second
D/CLOCK   ( 6562): every second
D/CLOCK   ( 6562): every second
D/CLOCK   ( 6562): every second
D/CLOCK   ( 6562): every second
D/CLOCK   ( 6562): every second
D/CLOCK   ( 6562): every second
D/CLOCK   ( 6562): every second
D/CLOCK   ( 6562): every second
D/CLOCK   ( 6562): every second
D/CLOCK   ( 6562): every second
D/CLOCK   ( 6562): every second
D/CLOCK   ( 6562): every second
D/CLOCK   ( 6562): every second
D/CLOCK   ( 6562): every second
D/CLOCK   ( 6562): every second
D/CLOCK   ( 6562): every second
D/CLOCK   ( 6562): every second
D/CLOCK   ( 6562): every second
I/wpa_supplicant(  492): [CTRL_IFACE]wlan0: SIGNAL_POLL
D/CLOCK   ( 6562): every second
D/CLOCK   ( 6562): every second
D/CLOCK   ( 6562): every second
D/CLOCK   ( 6562): every second
D/CLOCK   ( 6562): every second
D/CLOCK   ( 6562): every second
D/CLOCK   ( 6562): every second
D/CLOCK   ( 6562): every second
D/CLOCK   ( 6562): every second
D/CLOCK   ( 6562): every second
D/CLOCK   ( 6562): every second
D/CLOCK   ( 6562): every second
D/CLOCK   ( 6562): every second
