D/CLOCK   ( 6562): every second
D/CLOCK   ( 6562): every second
D/CLOCK   ( 6562): every second
D/CLOCK   ( 6562): every second
D/CLOCK   ( 6562): every second
I/Choreographer( 6562): Skipped 205 frames!  The application may be doing too much work on its main thread.
D/CLOCK   ( 6562): every second
D/CLOCK   ( 6562): every second
D/CLOCK   ( 6562): every second
D/CLOCK   ( 6562): every second
D/CLOCK   ( 6562): every second
D/CLOCK   ( 6562): every second
D/CLOCK   ( 6562): every second
D/CLOCK   ( 6562): every second
D/CLOCK   ( 6562): every second
D/CLOCK   ( 6562): every second
D/CLOCK   ( 6562): every second
D/CLOCK   ( 6562): every second
D/CLOCK   ( 6562): every second
D/CLOCK   ( 6562): every second
D/CLOCK   ( 6562): every second
D/CLOCK   ( 6562): every second
D/CLOCK   ( 6562): every second
D/CLOCK   ( 6562): every second
D/CLOCK   ( 6562): every second
D/CLOCK   ( 6562): every second
D/CLOCK   ( 6562): every second
D/CLOCK   ( 6562): every second
D/CLOCK   ( 6562): every second
D/CLOCK   ( 6562): every second
D/CLOCK   ( 6562): every second
D/CLOCK   ( 6562): every second
D/CLOCK   ( 6562): every second
D/CLOCK   ( 6562): every second
D/CLOCK   ( 6562): every second
D/CLOCK   ( 6562): every second
D/CLOCK   ( 6562): every second
D/CLOCK   ( 6562): every second
D/CLOCK   ( 6562): every second
D/CLOCK   ( 6562): every second
D/CLOCK   ( 6562): every second
D/CLOCK   ( 6562): every second
D/CLOCK   ( 6562): every second
D/CLOCK   ( 6562): every second
D/CLOCK   ( 6562): every second
D/CLOCK   ( 6562): every second
D/CLOCK   ( 6562): every second
D/CLOCK   ( 6562): every second
D/CLOCK   ( 6562): every second
D/CLOCK   ( 6562): every second
D/CLOCK   ( 6562): every second
D/CLOCK   ( 6562): every second
D/CLOCK   ( 6562): every second
D/CLOCK   ( 6562): every second
D/CLOCK   ( 6562): every second
D/CLOCK   ( 6562): every second
D/CLOCK   ( 6562): every second
D/CLOCK   ( 6562): every second
D/CLOCK   ( 6562): every second
I/wpa_supplicant(  492): [CTRL_IFACE]wlan0: SIGNAL_POLL
W/ImageLoader( 6562): Try to initialize ImageLoader which had already been initialized before. To re-init ImageLoader with new configuration call ImageLoader.destroy() at first.
D/token   ( 6562): 3931c817baacd3771bd18858b3a022a0
D/CLOCK   ( 6562): every second
D/CLOCK   ( 6562): every second
D/CLOCK   ( 6562): every second
D/CLOCK   ( 6562): every second
D/CLOCK   ( 6562): every second
D/CLOCK   ( 6562): every second
D/CLOCK   ( 6562): every second
D/CLOCK   ( 6562): every second
D/CLOCK   ( 6562): every second
D/CLOCK   ( 6562): every second
D/CLOCK   ( 6562): every second
D/CLOCK   ( 6562): every second
D/CLOCK   ( 6562): every second
D/CLOCK   ( 6562): every second
D/CLOCK   ( 6562): every second
D/CLOCK   ( 6562): every second
D/dalvikvm( 6562): GC_FOR_ALLOC freed 1633K, 15% free 13168K/15344K, paused 88ms, total 96ms
D/CLOCK   ( 6562): every second
D/CLOCK   ( 6562): every second
D/CLOCK   ( 6562): every second
D/CLOCK   ( 6562): every second
D/CLOCK   ( 6562): every second
D/CLOCK   ( 6562): every second
D/CLOCK   ( 6562): every second
D/CLOCK   ( 6562): every second
D/CLOCK   ( 6562): every second
D/CLOCK   ( 6562): every second
D/CLOCK   ( 6562): every second
D/CLOCK   ( 6562): every second
D/CLOCK   ( 6562): every second
D/CLOCK   ( 6562): every second
D/CLOCK   ( 6562): every second
D/CLOCK   ( 6562): every second
I/Choreographer( 6562): Skipped 257 frames!  The application may be doing too much work on its main thread.
E/SurfaceFlinger(  322): ro.sf.lcd_density must be defined as a build property
I/SurfaceFlinger(  322): GraphicBufferAlloc::createGraphicBuffer 
D/CLOCK   ( 6562): every second
D/CLOCK   ( 6562): every second
D/CLOCK   ( 6562): every second
D/CLOCK   ( 6562): every second
D/CLOCK   ( 6562): every second
D/CLOCK   ( 6562): every second
D/CLOCK   ( 6562): every second
D/CLOCK   ( 6562): every second
D/CLOCK   ( 6562): every second
D/CLOCK   ( 6562): every second
D/CLOCK   ( 6562): every second
D/CLOCK   ( 6562): every second
D/CLOCK   ( 6562): every second
D/CLOCK   ( 6562): every second
I/wpa_supplicant(  492): [CTRL_IFACE]wlan0: SIGNAL_POLL
D/CLOCK   ( 6562): every second
D/CLOCK   ( 6562): every second
D/CLOCK   ( 6562): every second
D/CLOCK   ( 6562): every second
D/CLOCK   ( 6562): every second
D/CLOCK   ( 6562): every second
D/CLOCK   ( 6562): every second
D/CLOCK   ( 6562): every second
D/CLOCK   ( 6562): every second
D/CLOCK   ( 6562): every second
D/CLOCK   ( 6562): every second
D/CLOCK   ( 6562): every second
D/CLOCK   ( 6562): every second
D/CLOCK   ( 6562): every second
D/CLOCK   ( 6562): every second
D/CLOCK   ( 6562): every second
D/CLOCK   ( 6562): every second
D/CLOCK   ( 6562): every second
D/CLOCK   ( 6562): every second
D/CLOCK   ( 6562): every second
D/CLOCK   ( 6562): every second
D/CLOCK   ( 6562): every second
D/CLOCK   ( 6562): every second
D/CLOCK   ( 6562): every second
D/CLOCK   ( 6562): every second
D/CLOCK   ( 6562): every second
D/CLOCK   ( 6562): every second
D/CLOCK   ( 6562): every second
D/CLOCK   ( 6562): every second
D/CLOCK   ( 6562): every second
D/CLOCK   ( 6562): every second
D/CLOCK   ( 6562): every second
D/CLOCK   ( 6562): every second
D/CLOCK   ( 6562): every second
D/CLOCK   ( 6562): every second
D/CLOCK   ( 6562): every second
D/CLOCK   ( 6562): every second
D/CLOCK   ( 6562): every second
D/CLOCK   ( 6562): every second
D/CLOCK   ( 6562): every second
D/CLOCK   ( 6562): every second
D/CLOCK   ( 6562): every second
D/CLOCK   ( 6562): every second
D/CLOCK   ( 6562): every second
D/CLOCK   ( 6562): every second
D/CLOCK   ( 6562): every second
D/CLOCK   ( 6562): every second
D/CLOCK   ( 6562): every second
D/CLOCK   ( 6562): every second
D/CLOCK   ( 6562): every second
D/CLOCK   ( 6562): every second
D/CLOCK   ( 6562): every second
D/CLOCK   ( 6562): every second
D/CLOCK   ( 6562): every second
D/CLOCK   ( 6562): every second
D/CLOCK   ( 6562): every second
I/Choreographer( 6562): Skipped 170 frames!  The application may be doing too much work on its main thread.
I/SurfaceFlinger(  322): GraphicBufferAlloc::createGraphicBuffer 
I/ActivityManager(  347): Displayed com.example.untitled/.activity.PhotoActivity: +8s664ms
D/CLOCK   ( 6562): every second
D/CLOCK   ( 6562): every second
D/CLOCK   ( 6562): every second
D/CLOCK   ( 6562): every second
D/CLOCK   ( 6562): every second
D/CLOCK   ( 6562): every second
D/CLOCK   ( 6562): every second
D/CLOCK   ( 6562): every second
D/CLOCK   ( 6562): every second
D/CLOCK   ( 6562): every second
D/CLOCK   ( 6562): every second
D/CLOCK   ( 6562): every second
D/CLOCK   ( 6562): every second
D/CLOCK   ( 6562): every second
D/CLOCK   ( 6562): every second
D/CLOCK   ( 6562): every second
D/CLOCK   ( 6562): every second
D/CLOCK   ( 6562): every second
D/CLOCK   ( 6562): every second
D/CLOCK   ( 6562): every second
D/CLOCK   ( 6562): every second
D/CLOCK   ( 6562): every second
D/CLOCK   ( 6562): every second
W/ActivityManager(  347): Launch timeout has expired, giving up wake lock!
D/CLOCK   ( 6562): every second
D/CLOCK   ( 6562): every second
I/wpa_supplicant(  492): [CTRL_IFACE]wlan0: SIGNAL_POLL
D/CLOCK   ( 6562): every second
D/CLOCK   ( 6562): every second
D/CLOCK   ( 6562): every second
D/CLOCK   ( 6562): every second
D/CLOCK   ( 6562): every second
D/CLOCK   ( 6562): every second
D/CLOCK   ( 6562): every second
D/CLOCK   ( 6562): every second
D/CLOCK   ( 6562): every second
D/CLOCK   ( 6562): every second
D/CLOCK   ( 6562): every second
D/CLOCK   ( 6562): every second
W/ActivityManager(  347): Activity idle timeout for ActivityRecord{427debe0 u0 com.example.untitled/.activity.PhotoActivity}
D/CLOCK   ( 6562): every second
D/CLOCK   ( 6562): every second
D/CLOCK   ( 6562): every second
D/CLOCK   ( 6562): every second
D/CLOCK   ( 6562): every second
D/CLOCK   ( 6562): every second
D/CLOCK   ( 6562): every second
D/CLOCK   ( 6562): every second
D/CLOCK   ( 6562): every second
D/CLOCK   ( 6562): every second
D/CLOCK   ( 6562): every second
D/CLOCK   ( 6562): every second
D/CLOCK   ( 6562): every second
D/CLOCK   ( 6562): every second
D/CLOCK   ( 6562): every second
D/CLOCK   ( 6562): every second
D/CLOCK   ( 6562): every second
D/CLOCK   ( 6562): every second
D/CLOCK   ( 6562): every second
D/CLOCK   ( 6562): every second
D/CLOCK   ( 6562): every second
D/CLOCK   ( 6562): every second
D/CLOCK   ( 6562): every second
D/CLOCK   ( 6562): every second
D/CLOCK   ( 6562): every second
D/CLOCK   ( 6562): every second
D/CLOCK   ( 6562): every second
D/CLOCK   ( 6562): every second
D/CLOCK   ( 6562): every second
D/CLOCK   ( 6562): every second
D/CLOCK   ( 6562): every second
D/CLOCK   ( 6562): every second
D/CLOCK   ( 6562): every second
D/CLOCK   ( 6562): every second
D/CLOCK   ( 6562): every second
D/CLOCK   ( 6562): every second
D/CLOCK   ( 6562): every second
D/CLOCK   ( 6562): every second
D/CLOCK   ( 6562): every second
D/CLOCK   ( 6562): every second
D/CLOCK   ( 6562): every second
D/CLOCK   ( 6562): every second
D/CLOCK   ( 6562): every second
D/CLOCK   ( 6562): every second
D/CLOCK   ( 6562): every second
D/CLOCK   ( 6562): every second
D/CLOCK   ( 6562): every second
D/CLOCK   ( 6562): every second
D/CLOCK   ( 6562): every second
D/CLOCK   ( 6562): every second
D/CLOCK   ( 6562): every second
D/CLOCK   ( 6562): every second
D/CLOCK   ( 6562): every second
D/CLOCK   ( 6562): every second
D/CLOCK   ( 6562): every second
D/CLOCK   ( 6562): every second
D/CLOCK   ( 6562): every second
D/CLOCK   ( 6562): every second
D/CLOCK   ( 6562): every second
D/CLOCK   ( 6562): every second
D/CLOCK   ( 6562): every second
D/CLOCK   ( 6562): every second
D/CLOCK   ( 6562): every second
D/CLOCK   ( 6562): every second
D/CLOCK   ( 6562): every second
D/CLOCK   ( 6562): every second
D/CLOCK   ( 6562): every second
D/CLOCK   ( 6562): every second
D/CLOCK   ( 6562): every second
D/CLOCK   ( 6562): every second
D/CLOCK   ( 6562): every second
D/CLOCK   ( 6562): every second
I/wpa_supplicant(  492): [CTRL_IFACE]wlan0: SIGNAL_POLL
D/CLOCK   ( 6562): every second
D/CLOCK   ( 6562): every second
D/CLOCK   ( 6562): every second
D/CLOCK   ( 6562): every second
D/CLOCK   ( 6562): every second
D/CLOCK   ( 6562): every second
D/CLOCK   ( 6562): every second
D/CLOCK   ( 6562): every second
D/CLOCK   ( 6562): every second
D/CLOCK   ( 6562): every second
D/CLOCK   ( 6562): every second
D/CLOCK   ( 6562): every second
D/CLOCK   ( 6562): every second
D/CLOCK   ( 6562): every second
D/CLOCK   ( 6562): every second
D/CLOCK   ( 6562): every second
D/CLOCK   ( 6562): every second
D/CLOCK   ( 6562): every second
D/CLOCK   ( 6562): every second
D/CLOCK   ( 6562): every second
D/CLOCK   ( 6562): every second
D/CLOCK   ( 6562): every second
D/CLOCK   ( 6562): every second
D/CLOCK   ( 6562): every second
D/CLOCK   ( 6562): every second
D/CLOCK   ( 6562): every second
D/CLOCK   ( 6562): every second
D/CLOCK   ( 6562): every second
D/CLOCK   ( 6562): every second
D/CLOCK   ( 6562): every second
D/CLOCK   ( 6562): every second
D/CLOCK   ( 6562): every second
D/CLOCK   ( 6562): every second
D/CLOCK   ( 6562): every second
D/CLOCK   ( 6562): every second
D/CLOCK   ( 6562): every second
D/CLOCK   ( 6562): every second
D/CLOCK   ( 6562): every second
D/CLOCK   ( 6562): every second
D/CLOCK   ( 6562): every second
D/CLOCK   ( 6562): every second
D/CLOCK   ( 6562): every second
D/CLOCK   ( 6562): every second
D/CLOCK   ( 6562): every second
D/CLOCK   ( 6562): every second
D/CLOCK   ( 6562): every second
D/CLOCK   ( 6562): every second
D/CLOCK   ( 6562): every second
D/CLOCK   ( 6562): every second
I/Choreographer( 6562): Skipped 139 frames!  The application may be doing too much work on its main thread.
D/CLOCK   ( 6562): every second
D/CLOCK   ( 6562): every second
D/CLOCK   ( 6562): every second
D/CLOCK   ( 6562): every second
D/CLOCK   ( 6562): every second
D/CLOCK   ( 6562): every second
D/CLOCK   ( 6562): every second
D/CLOCK   ( 6562): every second
D/CLOCK   ( 6562): every second
D/CLOCK   ( 6562): every second
D/CLOCK   ( 6562): every second
D/CLOCK   ( 6562): every second
D/CLOCK   ( 6562): every second
D/CLOCK   ( 6562): every second
D/CLOCK   ( 6562): every second
D/CLOCK   ( 6562): every second
D/CLOCK   ( 6562): every second
D/CLOCK   ( 6562): every second
D/CLOCK   ( 6562): every second
D/CLOCK   ( 6562): every second
D/CLOCK   ( 6562): every second
D/CLOCK   ( 6562): every second
D/CLOCK   ( 6562): every second
D/CLOCK   ( 6562): every second
D/CLOCK   ( 6562): every second
D/CLOCK   ( 6562): every second
D/CLOCK   ( 6562): every second
D/CLOCK   ( 6562): every second
D/CLOCK   ( 6562): every second
D/CLOCK   ( 6562): every second
D/CLOCK   ( 6562): every second
D/CLOCK   ( 6562): every second
D/CLOCK   ( 6562): every second
D/CLOCK   ( 6562): every second
D/CLOCK   ( 6562): every second
I/wpa_supplicant(  492): [CTRL_IFACE]wlan0: SIGNAL_POLL
D/CLOCK   ( 6562): every second
D/CLOCK   ( 6562): every second
D/CLOCK   ( 6562): every second
D/CLOCK   ( 6562): every second
D/CLOCK   ( 6562): every second
D/CLOCK   ( 6562): every second
D/CLOCK   ( 6562): every second
D/CLOCK   ( 6562): every second
D/CLOCK   ( 6562): every second
D/CLOCK   ( 6562): every second
D/CLOCK   ( 6562): every second
D/CLOCK   ( 6562): every second
D/CLOCK   ( 6562): every second
D/CLOCK   ( 6562): every second
D/CLOCK   ( 6562): every second
D/CLOCK   ( 6562): every second
D/CLOCK   ( 6562): every second
D/CLOCK   ( 6562): every second
D/CLOCK   ( 6562): every second
D/CLOCK   ( 6562): every second
D/CLOCK   ( 6562): every second
D/CLOCK   ( 6562): every second
D/CLOCK   ( 6562): every second
D/dalvikvm( 6562): GC_CONCURRENT freed 1954K, 15% free 13145K/15344K, paused 4ms+24ms, total 217ms
D/CLOCK   ( 6562): every second
D/CLOCK   ( 6562): every second
D/CLOCK   ( 6562): every second
D/CLOCK   ( 6562): every second
D/CLOCK   ( 6562): every second
D/CLOCK   ( 6562): every second
D/CLOCK   ( 6562): every second
D/CLOCK   ( 6562): every second
D/CLOCK   ( 6562): every second
W/ThrottleService(  347): unable to find stats for iface rmnet0
D/CLOCK   ( 6562): every second
D/CLOCK   ( 6562): every second
D/CLOCK   ( 6562): every second
D/CLOCK   ( 6562): every second
D/CLOCK   ( 6562): every second
D/CLOCK   ( 6562): every second
D/CLOCK   ( 6562): every second
D/CLOCK   ( 6562): every second
D/CLOCK   ( 6562): every second
D/CLOCK   ( 6562): every second
D/CLOCK   ( 6562): every second
D/CLOCK   ( 6562): every second
D/CLOCK   ( 6562): every second
D/CLOCK   ( 6562): every second
D/CLOCK   ( 6562): every second
D/CLOCK   ( 6562): every second
D/CLOCK   ( 6562): every second
D/CLOCK   ( 6562): every second
D/CLOCK   ( 6562): every second
D/CLOCK   ( 6562): every second
D/CLOCK   ( 6562): every second
D/CLOCK   ( 6562): every second
D/CLOCK   ( 6562): every second
D/CLOCK   ( 6562): every second
D/CLOCK   ( 6562): every second
D/CLOCK   ( 6562): every second
D/CLOCK   ( 6562): every second
D/CLOCK   ( 6562): every second
D/CLOCK   ( 6562): every second
D/CLOCK   ( 6562): every second
D/CLOCK   ( 6562): every second
D/CLOCK   ( 6562): every second
D/CLOCK   ( 6562): every second
D/CLOCK   ( 6562): every second
D/CLOCK   ( 6562): every second
D/CLOCK   ( 6562): every second
D/CLOCK   ( 6562): every second
I/wpa_supplicant(  492): [CTRL_IFACE]wlan0: SIGNAL_POLL
D/CLOCK   ( 6562): every second
D/CLOCK   ( 6562): every second
D/CLOCK   ( 6562): every second
D/CLOCK   ( 6562): every second
D/CLOCK   ( 6562): every second
D/CLOCK   ( 6562): every second
D/CLOCK   ( 6562): every second
D/CLOCK   ( 6562): every second
D/CLOCK   ( 6562): every second
D/CLOCK   ( 6562): every second
D/CLOCK   ( 6562): every second
D/CLOCK   ( 6562): every second
D/CLOCK   ( 6562): every second
D/CLOCK   ( 6562): every second
D/CLOCK   ( 6562): every second
D/CLOCK   ( 6562): every second
D/CLOCK   ( 6562): every second
D/CLOCK   ( 6562): every second
D/CLOCK   ( 6562): every second
D/CLOCK   ( 6562): every second
D/CLOCK   ( 6562): every second
D/CLOCK   ( 6562): every second
D/CLOCK   ( 6562): every second
D/CLOCK   ( 6562): every second
D/CLOCK   ( 6562): every second
D/CLOCK   ( 6562): every second
D/CLOCK   ( 6562): every second
D/CLOCK   ( 6562): every second
D/CLOCK   ( 6562): every second
D/CLOCK   ( 6562): every second
D/CLOCK   ( 6562): every second
D/CLOCK   ( 6562): every second
D/CLOCK   ( 6562): every second
D/CLOCK   ( 6562): every second
D/CLOCK   ( 6562): activity 2
D/token   ( 6562): 3931c817baacd3771bd18858b3a022a0
D/CLOCK   ( 6562): every second
D/CLOCK   ( 6562): every second
D/CLOCK   ( 6562): every second
D/CLOCK   ( 6562): every second
D/CLOCK   ( 6562): every second
D/CLOCK   ( 6562): every second
D/CLOCK   ( 6562): every second
D/CLOCK   ( 6562): every second
D/CLOCK   ( 6562): every second
D/CLOCK   ( 6562): every second
D/CLOCK   ( 6562): every second
D/CLOCK   ( 6562): every second
D/CLOCK   ( 6562): every second
D/CLOCK   ( 6562): every second
D/CLOCK   ( 6562): every second
D/CLOCK   ( 6562): every second
D/CLOCK   ( 6562): every second
D/CLOCK   ( 6562): every second
D/CLOCK   ( 6562): every second
D/CLOCK   ( 6562): every second
D/CLOCK   ( 6562): every second
D/CLOCK   ( 6562): every second
D/CLOCK   ( 6562): every second
D/CLOCK   ( 6562): every second
D/CLOCK   ( 6562): every second
D/CLOCK   ( 6562): every second
D/CLOCK   ( 6562): every second
D/CLOCK   ( 6562): every second
D/CLOCK   ( 6562): every second
D/CLOCK   ( 6562): every second
D/CLOCK   ( 6562): every second
D/CLOCK   ( 6562): every second
D/CLOCK   ( 6562): every second
D/CLOCK   ( 6562): every second
D/CLOCK   ( 6562): every second
D/CLOCK   ( 6562): every second
I/wpa_supplicant(  492): [CTRL_IFACE]wlan0: SIGNAL_POLL
D/CLOCK   ( 6562): every second
D/CLOCK   ( 6562): every second
D/CLOCK   ( 6562): every second
D/CLOCK   ( 6562): every second
D/CLOCK   ( 6562): every second
D/CLOCK   ( 6562): every second
D/CLOCK   ( 6562): every second
D/CLOCK   ( 6562): every second
D/CLOCK   ( 6562): every second
D/CLOCK   ( 6562): every second
D/CLOCK   ( 6562): every second
D/CLOCK   ( 6562): every second
D/CLOCK   ( 6562): every second
D/CLOCK   ( 6562): every second
D/CLOCK   ( 6562): every second
D/CLOCK   ( 6562): every second
D/CLOCK   ( 6562): every second
D/CLOCK   ( 6562): every second
D/CLOCK   ( 6562): every second
D/CLOCK   ( 6562): every second
D/CLOCK   ( 6562): every second
D/CLOCK   ( 6562): every second
D/CLOCK   ( 6562): every second
D/CLOCK   ( 6562): every second
D/CLOCK   ( 6562): every second
D/CLOCK   ( 6562): every second
D/CLOCK   ( 6562): every second
D/CLOCK   ( 6562): every second
D/CLOCK   ( 6562): every second
D/CLOCK   ( 6562): every second
D/CLOCK   ( 6562): every second
D/CLOCK   ( 6562): every second
D/CLOCK   ( 6562): every second
D/CLOCK   ( 6562): every second
D/CLOCK   ( 6562): every second
D/CLOCK   ( 6562): every second
D/CLOCK   ( 6562): every second
D/CLOCK   ( 6562): every second
D/CLOCK   ( 6562): every second
D/CLOCK   ( 6562): every second
D/CLOCK   ( 6562): every second
D/CLOCK   ( 6562): every second
D/CLOCK   ( 6562): every second
D/CLOCK   ( 6562): every second
D/CLOCK   ( 6562): every second
D/CLOCK   ( 6562): every second
D/CLOCK   ( 6562): every second
D/CLOCK   ( 6562): every second
D/CLOCK   ( 6562): every second
D/CLOCK   ( 6562): every second
D/CLOCK   ( 6562): every second
D/CLOCK   ( 6562): every second
D/CLOCK   ( 6562): every second
D/CLOCK   ( 6562): every second
D/CLOCK   ( 6562): every second
D/CLOCK   ( 6562): every second
D/CLOCK   ( 6562): every second
D/CLOCK   ( 6562): every second
D/CLOCK   ( 6562): every second
D/CLOCK   ( 6562): every second
D/CLOCK   ( 6562): every second
D/CLOCK   ( 6562): every second
D/CLOCK   ( 6562): every second
D/CLOCK   ( 6562): every second
D/CLOCK   ( 6562): every second
D/CLOCK   ( 6562): every second
D/CLOCK   ( 6562): every second
D/CLOCK   ( 6562): every second
D/CLOCK   ( 6562): every second
D/CLOCK   ( 6562): every second
D/CLOCK   ( 6562): every second
D/CLOCK   ( 6562): every second
D/CLOCK   ( 6562): every second
D/CLOCK   ( 6562): every second
D/CLOCK   ( 6562): every second
D/CLOCK   ( 6562): every second
D/CLOCK   ( 6562): every second
D/CLOCK   ( 6562): every second
D/CLOCK   ( 6562): every second
D/CLOCK   ( 6562): every second
I/wpa_supplicant(  492): [CTRL_IFACE]wlan0: SIGNAL_POLL
D/CLOCK   ( 6562): every second
D/CLOCK   ( 6562): every second
D/CLOCK   ( 6562): every second
D/CLOCK   ( 6562): every second
D/CLOCK   ( 6562): every second
D/CLOCK   ( 6562): every second
D/CLOCK   ( 6562): every second
D/CLOCK   ( 6562): every second
D/CLOCK   ( 6562): every second
D/CLOCK   ( 6562): every second
D/CLOCK   ( 6562): every second
D/CLOCK   ( 6562): every second
D/CLOCK   ( 6562): every second
D/CLOCK   ( 6562): every second
D/CLOCK   ( 6562): every second
D/CLOCK   ( 6562): every second
D/CLOCK   ( 6562): every second
D/CLOCK   ( 6562): every second
D/CLOCK   ( 6562): every second
D/CLOCK   ( 6562): every second
D/CLOCK   ( 6562): every second
D/CLOCK   ( 6562): every second
D/CLOCK   ( 6562): every second
D/CLOCK   ( 6562): every second
D/CLOCK   ( 6562): every second
D/CLOCK   ( 6562): every second
D/CLOCK   ( 6562): every second
D/CLOCK   ( 6562): every second
D/CLOCK   ( 6562): every second
D/CLOCK   ( 6562): every second
D/CLOCK   ( 6562): every second
D/CLOCK   ( 6562): every second
D/CLOCK   ( 6562): every second
D/CLOCK   ( 6562): every second
D/CLOCK   ( 6562): every second
D/CLOCK   ( 6562): every second
D/CLOCK   ( 6562): every second
D/CLOCK   ( 6562): every second
D/CLOCK   ( 6562): every second
D/CLOCK   ( 6562): every second
D/CLOCK   ( 6562): every second
D/CLOCK   ( 6562): every second
D/CLOCK   ( 6562): every second
D/CLOCK   ( 6562): every second
D/CLOCK   ( 6562): every second
D/CLOCK   ( 6562): every second
D/CLOCK   ( 6562): every second
D/CLOCK   ( 6562): every second
D/CLOCK   ( 6562): every second
D/CLOCK   ( 6562): every second
D/CLOCK   ( 6562): every second
D/CLOCK   ( 6562): every second
D/CLOCK   ( 6562): every second
D/CLOCK   ( 6562): every second
D/CLOCK   ( 6562): every second
D/CLOCK   ( 6562): every second
D/CLOCK   ( 6562): every second
D/CLOCK   ( 6562): every second
D/CLOCK   ( 6562): every second
D/CLOCK   ( 6562): every second
D/CLOCK   ( 6562): every second
D/CLOCK   ( 6562): every second
D/CLOCK   ( 6562): every second
D/CLOCK   ( 6562): every second
D/CLOCK   ( 6562): every second
D/CLOCK   ( 6562): every second
D/CLOCK   ( 6562): every second
D/CLOCK   ( 6562): every second
D/CLOCK   ( 6562): every second
D/CLOCK   ( 6562): every second
D/CLOCK   ( 6562): every second
D/CLOCK   ( 6562): every second
D/CLOCK   ( 6562): every second
D/CLOCK   ( 6562): every second
D/CLOCK   ( 6562): every second
D/CLOCK   ( 6562): every second
D/CLOCK   ( 6562): every second
D/CLOCK   ( 6562): every second
D/CLOCK   ( 6562): every second
D/CLOCK   ( 6562): every second
D/CLOCK   ( 6562): every second
D/CLOCK   ( 6562): every second
I/wpa_supplicant(  492): [CTRL_IFACE]wlan0: SIGNAL_POLL
D/CLOCK   ( 6562): every second
D/CLOCK   ( 6562): every second
D/CLOCK   ( 6562): every second
D/CLOCK   ( 6562): every second
D/CLOCK   ( 6562): every second
D/CLOCK   ( 6562): every second
D/CLOCK   ( 6562): every second
D/CLOCK   ( 6562): every second
D/CLOCK   ( 6562): every second
D/CLOCK   ( 6562): every second
D/CLOCK   ( 6562): every second
D/CLOCK   ( 6562): every second
D/CLOCK   ( 6562): every second
D/CLOCK   ( 6562): every second
D/CLOCK   ( 6562): every second
D/CLOCK   ( 6562): every second
D/CLOCK   ( 6562): every second
D/dalvikvm( 6562): GC_CONCURRENT freed 1913K, 14% free 13162K/15288K, paused 4ms+23ms, total 167ms
D/CLOCK   ( 6562): every second
D/CLOCK   ( 6562): every second
D/CLOCK   ( 6562): every second
D/CLOCK   ( 6562): every second
D/CLOCK   ( 6562): every second
D/CLOCK   ( 6562): every second
D/CLOCK   ( 6562): every second
D/CLOCK   ( 6562): every second
D/CLOCK   ( 6562): every second
D/CLOCK   ( 6562): every second
D/CLOCK   ( 6562): every second
D/CLOCK   ( 6562): every second
D/CLOCK   ( 6562): every second
D/CLOCK   ( 6562): every second
D/CLOCK   ( 6562): every second
D/CLOCK   ( 6562): every second
D/CLOCK   ( 6562): every second
D/CLOCK   ( 6562): every second
D/CLOCK   ( 6562): every second
D/CLOCK   ( 6562): every second
D/CLOCK   ( 6562): every second
D/CLOCK   ( 6562): every second
D/CLOCK   ( 6562): every second
D/CLOCK   ( 6562): every second
D/CLOCK   ( 6562): every second
D/CLOCK   ( 6562): every second
D/CLOCK   ( 6562): every second
D/CLOCK   ( 6562): every second
D/CLOCK   ( 6562): every second
D/CLOCK   ( 6562): every second
D/CLOCK   ( 6562): every second
D/CLOCK   ( 6562): every second
D/CLOCK   ( 6562): every second
D/CLOCK   ( 6562): activity 0
I/ActivityManager(  347): START u0 {flg=0x4000000 cmp=com.example.untitled/.activity.ClockActivity} from pid 6562
W/ActivityManager(  347): startActivity called from non-Activity context; forcing Intent.FLAG_ACTIVITY_NEW_TASK for: Intent { flg=0x4000000 cmp=com.example.untitled/.activity.ClockActivity }
D/CLOCK   ( 6562): every second
D/CLOCK   ( 6562): every second
D/CLOCK   ( 6562): every second
D/CLOCK   ( 6562): every second
D/CLOCK   ( 6562): every second
D/CLOCK   ( 6562): every second
D/CLOCK   ( 6562): every second
D/CLOCK   ( 6562): every second
D/CLOCK   ( 6562): every second
D/CLOCK   ( 6562): every second
D/CLOCK   ( 6562): every second
D/CLOCK   ( 6562): every second
D/CLOCK   ( 6562): every second
D/CLOCK   ( 6562): every second
D/CLOCK   ( 6562): every second
W/ActivityManager(  347): Activity pause timeout for ActivityRecord{427debe0 u0 com.example.untitled/.activity.PhotoActivity}
D/CLOCK   ( 6562): every second
D/CLOCK   ( 6562): every second
D/CLOCK   ( 6562): every second
D/CLOCK   ( 6562): every second
D/CLOCK   ( 6562): every second
I/wpa_supplicant(  492): [CTRL_IFACE]wlan0: SIGNAL_POLL
D/CLOCK   ( 6562): every second
D/CLOCK   ( 6562): every second
D/CLOCK   ( 6562): every second
D/CLOCK   ( 6562): every second
D/CLOCK   ( 6562): every second
D/CLOCK   ( 6562): every second
D/CLOCK   ( 6562): every second
D/CLOCK   ( 6562): every second
D/CLOCK   ( 6562): every second
D/CLOCK   ( 6562): every second
D/CLOCK   ( 6562): every second
D/CLOCK   ( 6562): every second
D/CLOCK   ( 6562): every second
D/CLOCK   ( 6562): every second
D/CLOCK   ( 6562): every second
D/CLOCK   ( 6562): every second
D/CLOCK   ( 6562): every second
D/CLOCK   ( 6562): every second
D/CLOCK   ( 6562): every second
D/CLOCK   ( 6562): every second
D/CLOCK   ( 6562): every second
D/CLOCK   ( 6562): every second
D/CLOCK   ( 6562): every second
D/CLOCK   ( 6562): every second
D/CLOCK   ( 6562): every second
D/CLOCK   ( 6562): every second
D/CLOCK   ( 6562): every second
D/CLOCK   ( 6562): every second
D/CLOCK   ( 6562): every second
D/CLOCK   ( 6562): every second
D/CLOCK   ( 6562): every second
D/CLOCK   ( 6562): every second
D/CLOCK   ( 6562): every second
D/CLOCK   ( 6562): every second
D/CLOCK   ( 6562): every second
D/CLOCK   ( 6562): every second
D/CLOCK   ( 6562): every second
D/CLOCK   ( 6562): every second
D/CLOCK   ( 6562): every second
D/CLOCK   ( 6562): every second
D/CLOCK   ( 6562): every second
D/CLOCK   ( 6562): every second
D/CLOCK   ( 6562): every second
D/CLOCK   ( 6562): every second
D/CLOCK   ( 6562): every second
D/CLOCK   ( 6562): every second
D/CLOCK   ( 6562): every second
D/CLOCK   ( 6562): every second
D/CLOCK   ( 6562): every second
D/CLOCK   ( 6562): every second
D/CLOCK   ( 6562): every second
D/CLOCK   ( 6562): every second
D/CLOCK   ( 6562): every second
D/CLOCK   ( 6562): every second
D/CLOCK   ( 6562): every second
D/CLOCK   ( 6562): every second
D/CLOCK   ( 6562): every second
D/CLOCK   ( 6562): every second
D/CLOCK   ( 6562): every second
D/CLOCK   ( 6562): every second
D/CLOCK   ( 6562): every second
D/CLOCK   ( 6562): every second
D/CLOCK   ( 6562): every second
D/CLOCK   ( 6562): every second
D/CLOCK   ( 6562): every second
I/wpa_supplicant(  492): [CTRL_IFACE]wlan0: SIGNAL_POLL
D/CLOCK   ( 6562): every second
D/CLOCK   ( 6562): every second
D/CLOCK   ( 6562): every second
D/CLOCK   ( 6562): every second
D/CLOCK   ( 6562): every second
D/CLOCK   ( 6562): every second
D/CLOCK   ( 6562): every second
D/CLOCK   ( 6562): every second
D/CLOCK   ( 6562): every second
D/CLOCK   ( 6562): every second
D/CLOCK   ( 6562): every second
D/CLOCK   ( 6562): every second
D/CLOCK   ( 6562): every second
D/CLOCK   ( 6562): every second
D/CLOCK   ( 6562): every second
D/CLOCK   ( 6562): every second
D/CLOCK   ( 6562): every second
D/CLOCK   ( 6562): every second
D/CLOCK   ( 6562): every second
D/CLOCK   ( 6562): every second
D/CLOCK   ( 6562): every second
D/CLOCK   ( 6562): every second
D/CLOCK   ( 6562): every second
D/CLOCK   ( 6562): every second
D/CLOCK   ( 6562): every second
D/CLOCK   ( 6562): every second
D/CLOCK   ( 6562): every second
D/CLOCK   ( 6562): every second
D/CLOCK   ( 6562): every second
D/CLOCK   ( 6562): every second
D/CLOCK   ( 6562): every second
D/CLOCK   ( 6562): every second
D/CLOCK   ( 6562): every second
D/CLOCK   ( 6562): every second
D/CLOCK   ( 6562): every second
D/CLOCK   ( 6562): every second
D/CLOCK   ( 6562): every second
D/CLOCK   ( 6562): every second
D/CLOCK   ( 6562): every second
D/CLOCK   ( 6562): every second
D/CLOCK   ( 6562): every second
D/CLOCK   ( 6562): every second
D/CLOCK   ( 6562): every second
D/CLOCK   ( 6562): every second
D/CLOCK   ( 6562): every second
D/CLOCK   ( 6562): every second
D/CLOCK   ( 6562): every second
D/CLOCK   ( 6562): every second
D/CLOCK   ( 6562): every second
D/CLOCK   ( 6562): every second
D/CLOCK   ( 6562): every second
D/CLOCK   ( 6562): every second
D/CLOCK   ( 6562): every second
D/CLOCK   ( 6562): every second
D/CLOCK   ( 6562): every second
D/CLOCK   ( 6562): every second
D/CLOCK   ( 6562): every second
D/CLOCK   ( 6562): every second
D/CLOCK   ( 6562): every second
I/Choreographer( 6562): Skipped 231 frames!  The application may be doing too much work on its main thread.
E/SurfaceFlinger(  322): ro.sf.lcd_density must be defined as a build property
I/SurfaceFlinger(  322): GraphicBufferAlloc::createGraphicBuffer 
D/CLOCK   ( 6562): every second
D/CLOCK   ( 6562): every second
D/CLOCK   ( 6562): every second
D/CLOCK   ( 6562): every second
I/wpa_supplicant(  492): [CTRL_IFACE]wlan0: SIGNAL_POLL
D/CLOCK   ( 6562): every second
D/CLOCK   ( 6562): every second
D/CLOCK   ( 6562): every second
D/CLOCK   ( 6562): every second
D/CLOCK   ( 6562): every second
D/CLOCK   ( 6562): every second
D/CLOCK   ( 6562): every second
D/CLOCK   ( 6562): every second
D/CLOCK   ( 6562): every second
D/CLOCK   ( 6562): every second
D/CLOCK   ( 6562): every second
D/CLOCK   ( 6562): every second
D/CLOCK   ( 6562): every second
D/CLOCK   ( 6562): every second
D/CLOCK   ( 6562): every second
D/CLOCK   ( 6562): every second
D/CLOCK   ( 6562): every second
D/CLOCK   ( 6562): every second
D/CLOCK   ( 6562): every second
D/CLOCK   ( 6562): every second
D/CLOCK   ( 6562): every second
D/CLOCK   ( 6562): every second
D/CLOCK   ( 6562): every second
D/CLOCK   ( 6562): every second
D/CLOCK   ( 6562): every second
D/CLOCK   ( 6562): every second
D/CLOCK   ( 6562): every second
D/CLOCK   ( 6562): every second
D/CLOCK   ( 6562): every second
D/CLOCK   ( 6562): every second
D/CLOCK   ( 6562): every second
D/CLOCK   ( 6562): every second
D/CLOCK   ( 6562): every second
D/CLOCK   ( 6562): every second
D/CLOCK   ( 6562): every second
D/CLOCK   ( 6562): every second
D/CLOCK   ( 6562): every second
D/CLOCK   ( 6562): every second
D/CLOCK   ( 6562): every second
D/CLOCK   ( 6562): every second
D/CLOCK   ( 6562): every second
D/CLOCK   ( 6562): every second
D/CLOCK   ( 6562): every second
D/CLOCK   ( 6562): every second
D/CLOCK   ( 6562): every second
D/CLOCK   ( 6562): every second
D/CLOCK   ( 6562): every second
D/CLOCK   ( 6562): every second
D/CLOCK   ( 6562): every second
D/CLOCK   ( 6562): every second
D/CLOCK   ( 6562): every second
D/CLOCK   ( 6562): every second
D/CLOCK   ( 6562): every second
D/CLOCK   ( 6562): every second
D/CLOCK   ( 6562): every second
D/CLOCK   ( 6562): every second
D/CLOCK   ( 6562): every second
D/CLOCK   ( 6562): every second
D/CLOCK   ( 6562): every second
D/CLOCK   ( 6562): every second
D/CLOCK   ( 6562): every second
I/Choreographer( 6562): Skipped 165 frames!  The application may be doing too much work on its main thread.
I/ActivityManager(  347): Displayed com.example.untitled/.activity.ClockActivity: +8s672ms
I/SurfaceFlinger(  322): GraphicBufferAlloc::createGraphicBuffer 
D/CLOCK   ( 6562): every second
D/CLOCK   ( 6562): every second
D/CLOCK   ( 6562): every second
D/CLOCK   ( 6562): every second
D/CLOCK   ( 6562): every second
D/CLOCK   ( 6562): every second
D/CLOCK   ( 6562): every second
D/CLOCK   ( 6562): every second
D/CLOCK   ( 6562): every second
D/CLOCK   ( 6562): every second
D/CLOCK   ( 6562): every second
D/CLOCK   ( 6562): every second
D/CLOCK   ( 6562): every second
D/CLOCK   ( 6562): every second
D/CLOCK   ( 6562): every second
D/CLOCK   ( 6562): every second
I/wpa_supplicant(  492): [CTRL_IFACE]wlan0: SIGNAL_POLL
D/CLOCK   ( 6562): every second
D/CLOCK   ( 6562): every second
D/CLOCK   ( 6562): activity 1
W/ActivityManager(  347): Launch timeout has expired, giving up wake lock!
I/ActivityManager(  347): START u0 {flg=0x4000000 cmp=com.example.untitled/.activity.PhotoActivity} from pid 6562
W/ActivityManager(  347): startActivity called from non-Activity context; forcing Intent.FLAG_ACTIVITY_NEW_TASK for: Intent { flg=0x4000000 cmp=com.example.untitled/.activity.PhotoActivity }
D/CLOCK   ( 6562): every second
D/CLOCK   ( 6562): every second
D/CLOCK   ( 6562): every second
D/CLOCK   ( 6562): every second
D/CLOCK   ( 6562): every second
W/ActivityManager(  347): Activity idle timeout for ActivityRecord{426623f0 u0 com.example.untitled/.activity.ClockActivity}
D/CLOCK   ( 6562): every second
D/CLOCK   ( 6562): every second
D/CLOCK   ( 6562): every second
D/CLOCK   ( 6562): every second
D/CLOCK   ( 6562): every second
D/CLOCK   ( 6562): every second
D/CLOCK   ( 6562): every second
D/CLOCK   ( 6562): every second
W/ActivityManager(  347): Activity pause timeout for ActivityRecord{426623f0 u0 com.example.untitled/.activity.ClockActivity}
D/CLOCK   ( 6562): every second
D/CLOCK   ( 6562): every second
D/CLOCK   ( 6562): every second
D/CLOCK   ( 6562): every second
D/CLOCK   ( 6562): every second
D/CLOCK   ( 6562): every second
D/CLOCK   ( 6562): every second
D/CLOCK   ( 6562): every second
D/CLOCK   ( 6562): every second
D/CLOCK   ( 6562): every second
D/CLOCK   ( 6562): every second
D/CLOCK   ( 6562): every second
D/CLOCK   ( 6562): every second
D/CLOCK   ( 6562): every second
D/CLOCK   ( 6562): every second
D/dalvikvm( 6562): GC_CONCURRENT freed 1894K, 14% free 13202K/15288K, paused 5ms+29ms, total 235ms
D/CLOCK   ( 6562): every second
D/CLOCK   ( 6562): every second
D/CLOCK   ( 6562): every second
D/CLOCK   ( 6562): every second
D/CLOCK   ( 6562): every second
D/CLOCK   ( 6562): every second
D/CLOCK   ( 6562): every second
D/CLOCK   ( 6562): every second
D/CLOCK   ( 6562): every second
D/CLOCK   ( 6562): every second
D/CLOCK   ( 6562): every second
D/CLOCK   ( 6562): every second
D/CLOCK   ( 6562): every second
D/CLOCK   ( 6562): every second
D/CLOCK   ( 6562): every second
D/CLOCK   ( 6562): every second
I/wpa_supplicant(  492): [CTRL_IFACE]wlan0: SIGNAL_POLL
D/CLOCK   ( 6562): every second
D/CLOCK   ( 6562): every second
D/CLOCK   ( 6562): every second
D/CLOCK   ( 6562): every second
D/CLOCK   ( 6562): every second
D/CLOCK   ( 6562): every second
D/CLOCK   ( 6562): every second
D/CLOCK   ( 6562): every second
D/CLOCK   ( 6562): every second
D/CLOCK   ( 6562): every second
D/CLOCK   ( 6562): every second
D/CLOCK   ( 6562): every second
D/CLOCK   ( 6562): every second
D/CLOCK   ( 6562): every second
D/CLOCK   ( 6562): every second
D/CLOCK   ( 6562): every second
D/CLOCK   ( 6562): every second
D/CLOCK   ( 6562): every second
D/CLOCK   ( 6562): every second
D/CLOCK   ( 6562): every second
D/CLOCK   ( 6562): every second
D/CLOCK   ( 6562): every second
D/CLOCK   ( 6562): every second
D/CLOCK   ( 6562): every second
D/CLOCK   ( 6562): every second
D/CLOCK   ( 6562): every second
D/CLOCK   ( 6562): every second
D/CLOCK   ( 6562): every second
D/CLOCK   ( 6562): every second
D/CLOCK   ( 6562): every second
D/CLOCK   ( 6562): every second
W/ImageLoader( 6562): Try to initialize ImageLoader which had already been initialized before. To re-init ImageLoader with new configuration call ImageLoader.destroy() at first.
D/token   ( 6562): 3931c817baacd3771bd18858b3a022a0
D/CLOCK   ( 6562): every second
D/CLOCK   ( 6562): every second
D/CLOCK   ( 6562): every second
D/CLOCK   ( 6562): every second
D/CLOCK   ( 6562): every second
D/CLOCK   ( 6562): every second
D/CLOCK   ( 6562): every second
D/CLOCK   ( 6562): every second
D/CLOCK   ( 6562): every second
D/CLOCK   ( 6562): every second
D/CLOCK   ( 6562): every second
D/CLOCK   ( 6562): every second
D/CLOCK   ( 6562): every second
I/Choreographer( 6562): Skipped 289 frames!  The application may be doing too much work on its main thread.
I/SurfaceFlinger(  322): GraphicBufferAlloc::createGraphicBuffer 
E/SurfaceFlinger(  322): ro.sf.lcd_density must be defined as a build property
I/SurfaceFlinger(  322): GraphicBufferAlloc::createGraphicBuffer 
D/CLOCK   ( 6562): every second
D/CLOCK   ( 6562): every second
D/dalvikvm( 6562): GC_FOR_ALLOC freed 599K, 15% free 13126K/15288K, paused 79ms, total 99ms
D/CLOCK   ( 6562): every second
D/CLOCK   ( 6562): every second
I/wpa_supplicant(  492): [CTRL_IFACE]wlan0: SIGNAL_POLL
D/CLOCK   ( 6562): every second
D/CLOCK   ( 6562): every second
D/CLOCK   ( 6562): every second
D/CLOCK   ( 6562): every second
D/CLOCK   ( 6562): every second
D/CLOCK   ( 6562): every second
D/CLOCK   ( 6562): every second
D/CLOCK   ( 6562): every second
D/CLOCK   ( 6562): every second
D/CLOCK   ( 6562): every second
D/CLOCK   ( 6562): every second
D/CLOCK   ( 6562): every second
D/CLOCK   ( 6562): every second
D/CLOCK   ( 6562): every second
D/CLOCK   ( 6562): every second
D/CLOCK   ( 6562): every second
D/CLOCK   ( 6562): every second
D/CLOCK   ( 6562): every second
D/CLOCK   ( 6562): every second
D/CLOCK   ( 6562): every second
D/CLOCK   ( 6562): every second
D/CLOCK   ( 6562): every second
D/CLOCK   ( 6562): every second
D/CLOCK   ( 6562): every second
D/CLOCK   ( 6562): every second
D/CLOCK   ( 6562): every second
D/CLOCK   ( 6562): every second
D/CLOCK   ( 6562): every second
D/CLOCK   ( 6562): every second
D/CLOCK   ( 6562): every second
D/CLOCK   ( 6562): every second
D/CLOCK   ( 6562): every second
D/CLOCK   ( 6562): every second
D/CLOCK   ( 6562): every second
D/CLOCK   ( 6562): every second
D/CLOCK   ( 6562): every second
D/CLOCK   ( 6562): every second
D/CLOCK   ( 6562): every second
D/CLOCK   ( 6562): every second
D/CLOCK   ( 6562): every second
D/CLOCK   ( 6562): every second
D/CLOCK   ( 6562): every second
D/CLOCK   ( 6562): every second
D/CLOCK   ( 6562): every second
D/CLOCK   ( 6562): every second
D/CLOCK   ( 6562): every second
D/CLOCK   ( 6562): every second
D/CLOCK   ( 6562): every second
D/CLOCK   ( 6562): every second
D/CLOCK   ( 6562): every second
D/CLOCK   ( 6562): every second
D/CLOCK   ( 6562): every second
D/CLOCK   ( 6562): every second
D/CLOCK   ( 6562): every second
D/CLOCK   ( 6562): every second
D/CLOCK   ( 6562): every second
D/CLOCK   ( 6562): every second
D/CLOCK   ( 6562): every second
D/CLOCK   ( 6562): every second
D/CLOCK   ( 6562): every second
D/CLOCK   ( 6562): every second
D/CLOCK   ( 6562): every second
D/CLOCK   ( 6562): every second
D/CLOCK   ( 6562): every second
D/CLOCK   ( 6562): every second
D/CLOCK   ( 6562): every second
D/CLOCK   ( 6562): every second
D/CLOCK   ( 6562): every second
D/CLOCK   ( 6562): every second
I/wpa_supplicant(  492): [CTRL_IFACE]wlan0: SIGNAL_POLL
D/CLOCK   ( 6562): every second
D/CLOCK   ( 6562): every second
I/Choreographer( 6562): Skipped 241 frames!  The application may be doing too much work on its main thread.
I/ActivityManager(  347): Displayed com.example.untitled/.activity.PhotoActivity: +8s405ms
I/SurfaceFlinger(  322): GraphicBufferAlloc::createGraphicBuffer 
E/[Gralloc-ERROR]( 6562): int gralloc_register_buffer(const gralloc_module_t*, buffer_handle_t):123 Failed to create UMP handle 0x0
W/GraphicBufferMapper( 6562): registerBuffer(0x4bd923a0) failed -22 (Invalid argument)
E/GraphicBuffer( 6562): unflatten: registerBuffer failed: Invalid argument (-22)
E/BufferQueue(  322): [com.example.untitled/com.example.untitled.activity.ClockActivity] query: SurfaceTexture has been abandoned!
E/BufferQueue(  322): [com.example.untitled/com.example.untitled.activity.ClockActivity] query: SurfaceTexture has been abandoned!
E/[EGL-ERROR]( 6562): mali_surface* __egl_platform_create_surface_from_native_buffer(android_native_buffer_t*, egl_surface*, mali_base_ctx_handle):630: failed to map physical memory (0x0 + 0)
E/[EGL-ERROR]( 6562): void __egl_platform_dequeue_buffer(egl_surface*):1375: Failed to create a surface from native buffer (0x4b3e27ac)
W/BufferQueue(  322): [com.example.untitled/com.example.untitled.activity.ClockActivity] cancelBuffer: BufferQueue has been abandoned!
F/libc    ( 6562): Fatal signal 11 (SIGSEGV) at 0xdeadbaad (code=1), thread 6562 (xample.untitled)
I/DEBUG   (   81): *** *** *** *** *** *** *** *** *** *** *** *** *** *** *** ***
I/DEBUG   (   81): Build fingerprint: 'softwinners/nuclear_pfdq88d/nuclear-pfdq88d:4.1.1/JDQ39/20131107:eng/test-keys'
I/DEBUG   (   81): Revision: '41275'
I/DEBUG   (   81): pid: 6562, tid: 6562, name: xample.untitled  >>> com.example.untitled <<<
I/DEBUG   (   81): signal 11 (SIGSEGV), code 1 (SEGV_MAPERR), fault addr deadbaad
I/DEBUG   (   81):     r0 00000027  r1 deadbaad  r2 000000da  r3 00000000
I/DEBUG   (   81):     r4 00000000  r5 beb3e5a4  r6 00000142  r7 00000000
I/DEBUG   (   81):     r8 00000018  r9 4013ab44  sl 40096020  fp beb3e704
I/DEBUG   (   81):     ip fffdaedc  sp beb3e5a0  lr 401a80a9  pc 401a4742  cpsr 60000030
I/DEBUG   (   81):     d0  696c61766e692073  d1  65746e696f705f64
I/DEBUG   (   81):     d2  2f706d752f637269  d3  3131305f6863726f
I/DEBUG   (   81):     d4  2a2a2a2a2a2a2a2a  d5  2a2a2a2a2a2a2a2a
I/DEBUG   (   81):     d6  2a2a2a2a2a2a2a2a  d7  2a2a2a2a2a2a2a2a
I/DEBUG   (   81):     d8  0000000000000000  d9  0000000000000000
I/DEBUG   (   81):     d10 0000000000000000  d11 0000000000000000
I/DEBUG   (   81):     d12 0000000000000000  d13 0000000000000000
I/DEBUG   (   81):     d14 0000000000000000  d15 0000000000000000
I/DEBUG   (   81):     d16 0000000000000000  d17 0000000000000000
I/DEBUG   (   81):     d18 0000000000407888  d19 3fa55553e1053a42
I/DEBUG   (   81):     d20 3feffffffffffdd9  d21 bf2a00f9e2cae768
I/DEBUG   (   81):     d22 0000000000000000  d23 0000000000000000
I/DEBUG   (   81):     d24 3f61111120000000  d25 0000000000000000
I/DEBUG   (   81):     d26 0000000000000000  d27 0000000000000000
I/DEBUG   (   81):     d28 0000000000000000  d29 3ff0000000000000
I/DEBUG   (   81):     d30 3ff0000000000000  d31 3ff0000000000000
I/DEBUG   (   81):     scr 60000093
I/DEBUG   (   81): 
I/DEBUG   (   81): backtrace:
I/DEBUG   (   81):     #00  pc 0001a742  /system/lib/libc.so
I/DEBUG   (   81):     #01  pc 00018048  /system/lib/libc.so (abort+4)
I/DEBUG   (   81):     #02  pc 00001a34  /system/lib/libUMP.so (ump_mapped_pointer_release+416)
I/DEBUG   (   81):     #03  pc 00000de7  /system/lib/hw/gralloc.sun5i.so
I/DEBUG   (   81):     #04  pc 00007525  /system/lib/libui.so (android::GraphicBufferMapper::unregisterBuffer(native_handle const*)+36)
I/DEBUG   (   81):     #05  pc 0000672d  /system/lib/libui.so (android::GraphicBuffer::free_handle()+16)
I/DEBUG   (   81):     #06  pc 00006843  /system/lib/libui.so (android::GraphicBuffer::~GraphicBuffer()+18)
I/DEBUG   (   81):     #07  pc 00006861  /system/lib/libui.so (android::GraphicBuffer::~GraphicBuffer()+4)
I/DEBUG   (   81):     #08  pc 0001f76d  /system/lib/libgui.so
I/DEBUG   (   81):     #09  pc 00026963  /system/lib/libgui.so (android::SurfaceTextureClient::freeAllBuffers()+26)
I/DEBUG   (   81):     #10  pc 00026a0f  /system/lib/libgui.so (android::SurfaceTextureClient::disconnect(int)+38)
I/DEBUG   (   81):     #11  pc 00026879  /system/lib/libgui.so (android::SurfaceTextureClient::dispatchDisconnect(std::__va_list)+8)
I/DEBUG   (   81):     #12  pc 00026179  /system/lib/libgui.so (android::SurfaceTextureClient::hook_perform(ANativeWindow*, int, ...)+22)
I/DEBUG   (   81):     #13  pc 0000c77f  /system/lib/libEGL.so
I/DEBUG   (   81):     #14  pc 0000c7c5  /system/lib/libEGL.so
I/DEBUG   (   81):     #15  pc 0000c845  /system/lib/libEGL.so
I/DEBUG   (   81):     #16  pc 0000e1f9  /system/lib/libEGL.so
I/DEBUG   (   81):     #17  pc 0000e551  /system/lib/libEGL.so (eglDestroySurface+84)
I/DEBUG   (   81):     #18  pc 00048541  /system/lib/libandroid_runtime.so
I/DEBUG   (   81):     #19  pc 0001e290  /system/lib/libdvm.so (dvmPlatformInvoke+112)
I/DEBUG   (   81):     #20  pc 0004d1d9  /system/lib/libdvm.so (dvmCallJNIMethod(unsigned int const*, JValue*, Method const*, Thread*)+392)
I/DEBUG   (   81):     #21  pc 000276e4  /system/lib/libdvm.so
I/DEBUG   (   81):     #22  pc 00020858  [stack]
I/DEBUG   (   81): 
I/DEBUG   (   81): stack:
I/DEBUG   (   81):          beb3e560  00000000  
I/DEBUG   (   81):          beb3e564  00000000  
I/DEBUG   (   81):          beb3e568  401d2160  /system/lib/libc.so
I/DEBUG   (   81):          beb3e56c  4c438d70  
I/DEBUG   (   81):          beb3e570  401d2160  /system/lib/libc.so
I/DEBUG   (   81):          beb3e574  00000001  
I/DEBUG   (   81):          beb3e578  401d2254  /system/lib/libc.so
I/DEBUG   (   81):          beb3e57c  401d21b4  /system/lib/libc.so
I/DEBUG   (   81):          beb3e580  00000000  
I/DEBUG   (   81):          beb3e584  401a80a9  /system/lib/libc.so (_fwalk+32)
I/DEBUG   (   81):          beb3e588  00000001  
I/DEBUG   (   81):          beb3e58c  beb3e5a4  [stack]
I/DEBUG   (   81):          beb3e590  00000142  
I/DEBUG   (   81):          beb3e594  00000000  
I/DEBUG   (   81):          beb3e598  df0027ad  
I/DEBUG   (   81):          beb3e59c  00000000  
I/DEBUG   (   81):     #00  beb3e5a0  00000000  
I/DEBUG   (   81):          beb3e5a4  fffffbdf  
I/DEBUG   (   81):          beb3e5a8  00000001  
I/DEBUG   (   81):          beb3e5ac  401d2160  /system/lib/libc.so
I/DEBUG   (   81):          beb3e5b0  00000001  
I/DEBUG   (   81):          beb3e5b4  401d2160  /system/lib/libc.so
I/DEBUG   (   81):          beb3e5b8  401d2160  /system/lib/libc.so
I/DEBUG   (   81):          beb3e5bc  4bd923a0  
I/DEBUG   (   81):          beb3e5c0  00000000  
I/DEBUG   (   81):          beb3e5c4  401a204c  /system/lib/libc.so (__pthread_clone)
I/DEBUG   (   81):     #01  beb3e5c8  401d2238  /system/lib/libc.so
I/DEBUG   (   81):          beb3e5cc  48f8aa38  /system/lib/libUMP.so (ump_mapped_pointer_release+420)
I/DEBUG   (   81):     #02  beb3e5d0  00000000  
I/DEBUG   (   81):          beb3e5d4  480c3deb  /system/lib/hw/gralloc.sun5i.so
I/DEBUG   (   81): 
I/DEBUG   (   81): memory near r5:
I/DEBUG   (   81):     beb3e584 401a80a9 00000001 beb3e5a4 00000142  
I/DEBUG   (   81):     beb3e594 00000000 df0027ad 00000000 00000000  
I/DEBUG   (   81):     beb3e5a4 fffffbdf 00000001 401d2160 00000001  
I/DEBUG   (   81):     beb3e5b4 401d2160 401d2160 4bd923a0 00000000  
I/DEBUG   (   81):     beb3e5c4 401a204c 401d2238 48f8aa38 00000000  
I/DEBUG   (   81):     beb3e5d4 480c3deb 4bfbce50 48fca788 c0000000  
I/DEBUG   (   81):     beb3e5e4 78b4e3fe 4a79e7b0 4bfeec20 4bd923a0  
I/DEBUG   (   81):     beb3e5f4 000000a8 00000000 400ec527 4a79e7b0  
I/DEBUG   (   81):     beb3e604 00000090 00000002 00000000 4c6d5f00  
I/DEBUG   (   81):     beb3e614 4b3e27a8 4a79e7b0 400eb731 4b3e27a8  
I/DEBUG   (   81):     beb3e624 400eb847 4b3e27a8 400eb865 4b3e27ac  
I/DEBUG   (   81):     beb3e634 404bc76f 00000002 404c3967 4a79e7b0  
I/DEBUG   (   81):     beb3e644 00000001 00000001 40827621 99000021  
I/DEBUG   (   81):     beb3e654 404c3a13 4a79e7b0 4a79eb70 00000002  
I/DEBUG   (   81):     beb3e664 00000000 4b762ec0 4a79e7b8 00000001  
I/DEBUG   (   81):     beb3e674 404c387b 0000000e 404c317b 4a79e7b8  
I/DEBUG   (   81): 
I/DEBUG   (   81): memory near r9:
I/DEBUG   (   81):     4013ab24 4013ab60 467d3290 4013ab60 467d32a2  
I/DEBUG   (   81):     4013ab34 450ccee0 00000006 00000000 95a00019  
I/DEBUG   (   81):     4013ab44 bf60001d 99000021 4013ab8c 467d3240  
I/DEBUG   (   81):     4013ab54 4520b8e0 467d32a2 00000000 421c6290  
I/DEBUG   (   81):     4013ab64 424a8358 42c72ba8 422613e0 42261388  
I/DEBUG   (   81):     4013ab74 42bb8d70 4013abb4 467d4286 4520b8a8  
I/DEBUG   (   81):     4013ab84 467d3240 00000000 00000000 00000000  
I/DEBUG   (   81):     4013ab94 00000000 42bb8d70 00000001 4013abdc  
I/DEBUG   (   81):     4013aba4 467f3a0c 4520b020 467d4286 00000000  
I/DEBUG   (   81):     4013abb4 450bef58 467d2568 00000000 42bb8d70  
I/DEBUG   (   81):     4013abc4 00000001 4013ad18 467f5666 4521fed0  
I/DEBUG   (   81):     4013abd4 467f3a0c 00000000 42c95838 42afade0  
I/DEBUG   (   81):     4013abe4 00000000 00000000 42bb8d70 42a71120  
I/DEBUG   (   81):     4013abf4 42afade0 424760f0 00000320 000001e0  
I/DEBUG   (   81):     4013ac04 00000001 4674bd96 00000000 00000000  
I/DEBUG   (   81):     4013ac14 00000000 42e9ea60 4013ac70 4655fcac  
I/DEBUG   (   81): 
I/DEBUG   (   81): memory near sl:
I/DEBUG   (   81):     40096000 00000000 00000000 00000000 00000453  
I/DEBUG   (   81):     40096010 467d32a2 4013ab40 4520b8e0 46e45000  
I/DEBUG   (   81):     40096020 00000001 405196f4 beb3e828 00000000  
I/DEBUG   (   81):     40096030 beb3e85c 00000001 00010008 4080c2c0  
I/DEBUG   (   81):     40096040 00000000 00000000 414d3570 40135300  
I/DEBUG   (   81):     40096050 00000000 00000000 00000000 00006000  
I/DEBUG   (   81):     40096060 00000000 400dd3dc 40807400 4080c2c0  
